Component: ARM Compiler 5.06 update 7 (build 960) Tool: armlink [4d3601]

==============================================================================

Section Cross References

    startup_stm32g030xx.o(STACK) refers (Special) to heapauxi.o(.text) for __use_two_region_memory
    startup_stm32g030xx.o(HEAP) refers (Special) to heapauxi.o(.text) for __use_two_region_memory
    startup_stm32g030xx.o(RESET) refers (Special) to heapauxi.o(.text) for __use_two_region_memory
    startup_stm32g030xx.o(RESET) refers to startup_stm32g030xx.o(STACK) for __initial_sp
    startup_stm32g030xx.o(RESET) refers to startup_stm32g030xx.o(.text) for Reset_Handler
    startup_stm32g030xx.o(RESET) refers to stm32g0xx_it.o(i.NMI_Handler) for NMI_Handler
    startup_stm32g030xx.o(RESET) refers to stm32g0xx_it.o(i.HardFault_Handler) for HardFault_Handler
    startup_stm32g030xx.o(RESET) refers to stm32g0xx_it.o(i.SVC_Handler) for SVC_Handler
    startup_stm32g030xx.o(RESET) refers to stm32g0xx_it.o(i.PendSV_Handler) for PendSV_Handler
    startup_stm32g030xx.o(RESET) refers to stm32g0xx_it.o(i.SysTick_Handler) for SysTick_Handler
    startup_stm32g030xx.o(RESET) refers to stm32g0xx_it.o(i.DMA1_Channel1_IRQHandler) for DMA1_Channel1_IRQHandler
    startup_stm32g030xx.o(RESET) refers to stm32g0xx_it.o(i.DMA1_Channel2_3_IRQHandler) for DMA1_Channel2_3_IRQHandler
    startup_stm32g030xx.o(.text) refers (Special) to heapauxi.o(.text) for __use_two_region_memory
    startup_stm32g030xx.o(.text) refers to system_stm32g0xx.o(i.SystemInit) for SystemInit
    startup_stm32g030xx.o(.text) refers to __main.o(!!!main) for __main
    startup_stm32g030xx.o(.text) refers to startup_stm32g030xx.o(HEAP) for Heap_Mem
    startup_stm32g030xx.o(.text) refers to startup_stm32g030xx.o(STACK) for Stack_Mem
    main.o(i.LL_TIM_OC_DisableFast) refers to main.o(.constdata) for .constdata
    main.o(i.LL_TIM_OC_EnablePreload) refers to main.o(.constdata) for .constdata
    main.o(i.MX_ADC1_Init) refers to rt_memclr.o(.text) for __aeabi_memclr4
    main.o(i.MX_ADC1_Init) refers to main.o(i.LL_IOP_GRP1_EnableClock) for LL_IOP_GRP1_EnableClock
    main.o(i.MX_ADC1_Init) refers to stm32g0xx_ll_gpio.o(i.LL_GPIO_Init) for LL_GPIO_Init
    main.o(i.MX_ADC1_Init) refers to stm32g0xx_ll_adc.o(i.LL_ADC_Init) for LL_ADC_Init
    main.o(i.MX_ADC1_Init) refers to stm32g0xx_ll_adc.o(i.LL_ADC_REG_Init) for LL_ADC_REG_Init
    main.o(i.MX_ADC1_Init) refers to main.o(i.LL_ADC_SetSamplingTimeCommonChannels) for LL_ADC_SetSamplingTimeCommonChannels
    main.o(i.MX_ADC1_Init) refers to aeabi_sdiv.o(.text) for __aeabi_uidivmod
    main.o(i.MX_ADC1_Init) refers to main.o(i.LL_ADC_REG_SetSequencerRanks) for LL_ADC_REG_SetSequencerRanks
    main.o(i.MX_ADC1_Init) refers to main.o(i.LL_ADC_SetChannelSamplingTime) for LL_ADC_SetChannelSamplingTime
    main.o(i.MX_ADC1_Init) refers to main.o(.constdata) for .constdata
    main.o(i.MX_ADC1_Init) refers to system_stm32g0xx.o(.data) for SystemCoreClock
    main.o(i.MX_DMA_Init) refers to stm32g0xx_hal_cortex.o(i.HAL_NVIC_SetPriority) for HAL_NVIC_SetPriority
    main.o(i.MX_DMA_Init) refers to stm32g0xx_hal_cortex.o(i.HAL_NVIC_EnableIRQ) for HAL_NVIC_EnableIRQ
    main.o(i.MX_GPIO_Init) refers to rt_memclr.o(.text) for __aeabi_memclr4
    main.o(i.MX_GPIO_Init) refers to main.o(i.LL_IOP_GRP1_EnableClock) for LL_IOP_GRP1_EnableClock
    main.o(i.MX_GPIO_Init) refers to stm32g0xx_ll_gpio.o(i.LL_GPIO_Init) for LL_GPIO_Init
    main.o(i.MX_SPI2_Init) refers to stm32g0xx_hal_spi.o(i.HAL_SPI_Init) for HAL_SPI_Init
    main.o(i.MX_SPI2_Init) refers to main.o(.bss) for .bss
    main.o(i.MX_TIM3_Init) refers to rt_memclr.o(.text) for __aeabi_memclr4
    main.o(i.MX_TIM3_Init) refers to stm32g0xx_ll_tim.o(i.LL_TIM_Init) for LL_TIM_Init
    main.o(i.MX_TIM3_Init) refers to main.o(i.LL_TIM_OC_EnablePreload) for LL_TIM_OC_EnablePreload
    main.o(i.MX_TIM3_Init) refers to stm32g0xx_ll_tim.o(i.LL_TIM_OC_Init) for LL_TIM_OC_Init
    main.o(i.MX_TIM3_Init) refers to main.o(i.LL_TIM_OC_DisableFast) for LL_TIM_OC_DisableFast
    main.o(i.MX_TIM3_Init) refers to main.o(i.LL_IOP_GRP1_EnableClock) for LL_IOP_GRP1_EnableClock
    main.o(i.MX_TIM3_Init) refers to stm32g0xx_ll_gpio.o(i.LL_GPIO_Init) for LL_GPIO_Init
    main.o(i.SystemClock_Config) refers to stm32g0xx_ll_utils.o(i.LL_SetSystemCoreClock) for LL_SetSystemCoreClock
    main.o(i.SystemClock_Config) refers to stm32g0xx_hal.o(i.HAL_InitTick) for HAL_InitTick
    main.o(i.main) refers to stm32g0xx_hal.o(i.HAL_Init) for HAL_Init
    main.o(i.main) refers to main.o(i.SystemClock_Config) for SystemClock_Config
    main.o(i.main) refers to main.o(i.MX_GPIO_Init) for MX_GPIO_Init
    main.o(i.main) refers to main.o(i.MX_DMA_Init) for MX_DMA_Init
    main.o(i.main) refers to main.o(i.MX_ADC1_Init) for MX_ADC1_Init
    main.o(i.main) refers to main.o(i.MX_SPI2_Init) for MX_SPI2_Init
    main.o(i.main) refers to main.o(i.MX_TIM3_Init) for MX_TIM3_Init
[...]
    rtexit2.o(.ARM.Collect$$rtexit$$00000004) refers to sys_exit.o(.text) for _sys_exit
    rtexit2.o(.ARM.exidx) refers to rtexit2.o(.ARM.Collect$$rtexit$$00000001) for .ARM.Collect$$rtexit$$00000001
    rtexit2.o(.ARM.exidx) refers to rtexit2.o(.ARM.Collect$$rtexit$$00000003) for .ARM.Collect$$rtexit$$00000003
    rtexit2.o(.ARM.exidx) refers to rtexit2.o(.ARM.Collect$$rtexit$$00000004) for .ARM.Collect$$rtexit$$00000004
    __raise.o(.text) refers to defsig.o(CL$$defsig) for __default_signal_handler
    defsig_general.o(.text) refers to sys_wrch.o(.text) for _ttywrch
    sys_wrch.o(.text) refers (Special) to use_no_semi.o(.text) for __I$use$semihosting
    sys_wrch.o(.text) refers (Special) to indicate_semi.o(.text) for __semihosting_library_function
    defsig.o(CL$$defsig) refers to defsig_fpe_inner.o(.text) for __rt_SIGFPE_inner
    defsig.o(CL$$defsig) refers to defsig_rtmem_inner.o(.text) for __rt_SIGRTMEM_inner
    _get_argv_nomalloc.o(.text) refers (Special) to hrguard.o(.text) for __heap_region$guard
    _get_argv_nomalloc.o(.text) refers to defsig_rtmem_outer.o(.text) for __rt_SIGRTMEM
    _get_argv_nomalloc.o(.text) refers to sys_command.o(.text) for _sys_command_string
    libshutdown.o(.ARM.Collect$$libshutdown$$00000000) refers (Special) to libshutdown2.o(.ARM.Collect$$libshutdown$$00000004) for __rt_lib_shutdown_cpp_1
    libshutdown.o(.ARM.Collect$$libshutdown$$00000000) refers (Special) to libshutdown2.o(.ARM.Collect$$libshutdown$$00000002) for __rt_lib_shutdown_fini_1
    libshutdown.o(.ARM.Collect$$libshutdown$$00000000) refers (Special) to libshutdown2.o(.ARM.Collect$$libshutdown$$00000009) for __rt_lib_shutdown_fp_trap_1
    libshutdown.o(.ARM.Collect$$libshutdown$$00000000) refers (Special) to libshutdown2.o(.ARM.Collect$$libshutdown$$00000011) for __rt_lib_shutdown_heap_1
    libshutdown.o(.ARM.Collect$$libshutdown$$00000000) refers (Special) to libshutdown2.o(.ARM.Collect$$libshutdown$$00000012) for __rt_lib_shutdown_return
    libshutdown.o(.ARM.Collect$$libshutdown$$00000000) refers (Special) to libshutdown2.o(.ARM.Collect$$libshutdown$$0000000C) for __rt_lib_shutdown_signal_1
    libshutdown.o(.ARM.Collect$$libshutdown$$00000000) refers (Special) to libshutdown2.o(.ARM.Collect$$libshutdown$$00000006) for __rt_lib_shutdown_stdio_1
    libshutdown.o(.ARM.Collect$$libshutdown$$00000000) refers (Special) to libshutdown2.o(.ARM.Collect$$libshutdown$$0000000E) for __rt_lib_shutdown_user_alloc_1
    sys_command.o(.text) refers (Special) to use_no_semi.o(.text) for __I$use$semihosting
    sys_command.o(.text) refers (Special) to indicate_semi.o(.text) for __semihosting_library_function
    defsig_abrt_inner.o(.text) refers to defsig_general.o(.text) for __default_signal_display
    defsig_rtred_inner.o(.text) refers to defsig_general.o(.text) for __default_signal_display
    defsig_rtmem_inner.o(.text) refers to defsig_general.o(.text) for __default_signal_display
    defsig_rtmem_outer.o(.text) refers to defsig_rtmem_inner.o(.text) for __rt_SIGRTMEM_inner
    defsig_rtmem_outer.o(.text) refers to defsig_exit.o(.text) for __sig_exit
    defsig_rtmem_formal.o(.text) refers to rt_raise.o(.text) for __rt_raise
    defsig_stak_inner.o(.text) refers to defsig_general.o(.text) for __default_signal_display
    defsig_pvfn_inner.o(.text) refers to defsig_general.o(.text) for __default_signal_display
    defsig_cppl_inner.o(.text) refers to defsig_general.o(.text) for __default_signal_display
    defsig_segv_inner.o(.text) refers to defsig_general.o(.text) for __default_signal_display
    defsig_other.o(.text) refers to defsig_general.o(.text) for __default_signal_display


==============================================================================

Removing Unused input sections from the image.

    Removing main.o(.rev16_text), (4 bytes).
    Removing main.o(.revsh_text), (4 bytes).
    Removing stm32g0xx_it.o(.rev16_text), (4 bytes).
    Removing stm32g0xx_it.o(.revsh_text), (4 bytes).
    Removing stm32g0xx_hal_msp.o(.rev16_text), (4 bytes).
    Removing stm32g0xx_hal_msp.o(.revsh_text), (4 bytes).
    Removing stm32g0xx_hal_msp.o(i.HAL_SPI_MspDeInit), (60 bytes).
    Removing stm32g0xx_ll_utils.o(.rev16_text), (4 bytes).
    Removing stm32g0xx_ll_utils.o(.revsh_text), (4 bytes).
    Removing stm32g0xx_ll_utils.o(i.LL_Init1msTick), (32 bytes).
    Removing stm32g0xx_ll_utils.o(i.LL_PLL_ConfigSystemClock_HSE), (100 bytes).
    Removing stm32g0xx_ll_utils.o(i.LL_PLL_ConfigSystemClock_HSI), (80 bytes).
    Removing stm32g0xx_ll_utils.o(i.LL_RCC_PLL_ConfigDomain_SYS), (32 bytes).
    Removing stm32g0xx_ll_utils.o(i.LL_SetFlashLatency), (92 bytes).
    Removing stm32g0xx_ll_utils.o(i.LL_mDelay), (32 bytes).
    Removing stm32g0xx_ll_utils.o(i.UTILS_EnablePLLAndSwitchSystem), (156 bytes).
    Removing stm32g0xx_ll_utils.o(i.UTILS_GetPLLOutputFrequency), (36 bytes).
    Removing stm32g0xx_ll_utils.o(i.UTILS_PLL_IsBusy), (20 bytes).
    Removing stm32g0xx_ll_exti.o(.rev16_text), (4 bytes).
    Removing stm32g0xx_ll_exti.o(.revsh_text), (4 bytes).
    Removing stm32g0xx_ll_exti.o(i.LL_EXTI_DeInit), (44 bytes).
    Removing stm32g0xx_ll_exti.o(i.LL_EXTI_Init), (164 bytes).
    Removing stm32g0xx_ll_exti.o(i.LL_EXTI_StructInit), (14 bytes).
    Removing stm32g0xx_ll_gpio.o(.rev16_text), (4 bytes).
    Removing stm32g0xx_ll_gpio.o(.revsh_text), (4 bytes).
    Removing stm32g0xx_ll_gpio.o(i.LL_GPIO_DeInit), (112 bytes).
    Removing stm32g0xx_ll_gpio.o(i.LL_GPIO_StructInit), (24 bytes).
    Removing stm32g0xx_ll_gpio.o(i.LL_IOP_GRP1_ForceReset), (16 bytes).
    Removing stm32g0xx_ll_gpio.o(i.LL_IOP_GRP1_ReleaseReset), (16 bytes).
    Removing stm32g0xx_ll_adc.o(.rev16_text), (4 bytes).
    Removing stm32g0xx_ll_adc.o(.revsh_text), (4 bytes).
    Removing stm32g0xx_ll_adc.o(i.LL_ADC_CommonDeInit), (28 bytes).
    Removing stm32g0xx_ll_adc.o(i.LL_ADC_CommonInit), (40 bytes).
    Removing stm32g0xx_ll_adc.o(i.LL_ADC_CommonStructInit), (8 bytes).
    Removing stm32g0xx_ll_adc.o(i.LL_ADC_DeInit), (260 bytes).
    Removing stm32g0xx_ll_adc.o(i.LL_ADC_REG_StructInit), (20 bytes).
    Removing stm32g0xx_ll_adc.o(i.LL_ADC_StructInit), (16 bytes).
    Removing stm32g0xx_ll_dma.o(.rev16_text), (4 bytes).
    Removing stm32g0xx_ll_dma.o(.revsh_text), (4 bytes).
    Removing stm32g0xx_ll_dma.o(i.LL_DMA_DeInit), (180 bytes).
    Removing stm32g0xx_ll_dma.o(i.LL_DMA_Init), (96 bytes).
    Removing stm32g0xx_ll_dma.o(i.LL_DMA_SetPeriphRequest), (40 bytes).
    Removing stm32g0xx_ll_dma.o(i.LL_DMA_StructInit), (26 bytes).
    Removing stm32g0xx_ll_dma.o(.constdata), (5 bytes).
    Removing stm32g0xx_ll_rcc.o(.rev16_text), (4 bytes).
    Removing stm32g0xx_ll_rcc.o(.revsh_text), (4 bytes).
    Removing stm32g0xx_ll_rcc.o(i.LL_RCC_DeInit), (80 bytes).
    Removing stm32g0xx_ll_rcc.o(i.LL_RCC_GetADCClockFreq), (132 bytes).
    Removing stm32g0xx_ll_rcc.o(i.LL_RCC_GetI2CClockFreq), (88 bytes).
    Removing stm32g0xx_ll_rcc.o(i.LL_RCC_GetI2SClockFreq), (136 bytes).
    Removing stm32g0xx_ll_rcc.o(i.LL_RCC_GetRTCClockFreq), (76 bytes).
    Removing stm32g0xx_ll_rcc.o(i.LL_RCC_GetSystemClocksFreq), (24 bytes).
    Removing stm32g0xx_ll_rcc.o(i.LL_RCC_GetUSARTClockFreq), (96 bytes).
    Removing stm32g0xx_ll_rcc.o(i.RCC_GetHCLKClockFreq), (32 bytes).
    Removing stm32g0xx_ll_rcc.o(i.RCC_GetPCLK1ClockFreq), (32 bytes).
    Removing stm32g0xx_ll_rcc.o(i.RCC_GetSystemClockFreq), (96 bytes).
    Removing stm32g0xx_hal_rcc.o(.rev16_text), (4 bytes).
    Removing stm32g0xx_hal_rcc.o(.revsh_text), (4 bytes).
    Removing stm32g0xx_hal_rcc.o(i.HAL_RCC_CSSCallback), (2 bytes).
    Removing stm32g0xx_hal_rcc.o(i.HAL_RCC_ClockConfig), (344 bytes).
    Removing stm32g0xx_hal_rcc.o(i.HAL_RCC_DeInit), (164 bytes).
    Removing stm32g0xx_hal_rcc.o(i.HAL_RCC_DisableLSECSS), (16 bytes).
    Removing stm32g0xx_hal_rcc.o(i.HAL_RCC_EnableCSS), (20 bytes).
    Removing stm32g0xx_hal_rcc.o(i.HAL_RCC_EnableLSECSS), (16 bytes).
    Removing stm32g0xx_hal_rcc.o(i.HAL_RCC_GetClockConfig), (56 bytes).
    Removing stm32g0xx_hal_rcc.o(i.HAL_RCC_GetHCLKFreq), (12 bytes).
    Removing stm32g0xx_hal_rcc.o(i.HAL_RCC_GetOscConfig), (176 bytes).
    Removing stm32g0xx_hal_rcc.o(i.HAL_RCC_GetPCLK1Freq), (40 bytes).
    Removing stm32g0xx_hal_rcc.o(i.HAL_RCC_GetResetSource), (24 bytes).
    Removing stm32g0xx_hal_rcc.o(i.HAL_RCC_GetSysClockFreq), (140 bytes).
    Removing stm32g0xx_hal_rcc.o(i.HAL_RCC_LSECSSCallback), (2 bytes).
    Removing stm32g0xx_hal_rcc.o(i.HAL_RCC_MCOConfig), (100 bytes).
    Removing stm32g0xx_hal_rcc.o(i.HAL_RCC_NMI_IRQHandler), (36 bytes).
    Removing stm32g0xx_hal_rcc.o(i.HAL_RCC_OscConfig), (984 bytes).
    Removing stm32g0xx_hal_rcc_ex.o(.rev16_text), (4 bytes).
    Removing stm32g0xx_hal_rcc_ex.o(.revsh_text), (4 bytes).
    Removing stm32g0xx_hal_rcc_ex.o(i.HAL_RCCEx_DisableLSCO), (92 bytes).
    Removing stm32g0xx_hal_rcc_ex.o(i.HAL_RCCEx_EnableLSCO), (140 bytes).
    Removing stm32g0xx_hal_rcc_ex.o(i.HAL_RCCEx_GetPeriphCLKConfig), (60 bytes).
    Removing stm32g0xx_hal_rcc_ex.o(i.HAL_RCCEx_GetPeriphCLKFreq), (352 bytes).
    Removing stm32g0xx_hal_rcc_ex.o(i.HAL_RCCEx_PeriphCLKConfig), (332 bytes).
    Removing stm32g0xx_hal_flash.o(.rev16_text), (4 bytes).
    Removing stm32g0xx_hal_flash.o(.revsh_text), (4 bytes).
    Removing stm32g0xx_hal_flash.o(i.FLASH_Program_DoubleWord), (28 bytes).
    Removing stm32g0xx_hal_flash.o(i.FLASH_Program_Fast), (52 bytes).
    Removing stm32g0xx_hal_flash.o(i.FLASH_WaitForLastOperation), (104 bytes).
    Removing stm32g0xx_hal_flash.o(i.HAL_FLASH_EndOfOperationCallback), (2 bytes).
    Removing stm32g0xx_hal_flash.o(i.HAL_FLASH_GetError), (12 bytes).
    Removing stm32g0xx_hal_flash.o(i.HAL_FLASH_IRQHandler), (144 bytes).
    Removing stm32g0xx_hal_flash.o(i.HAL_FLASH_Lock), (40 bytes).
    Removing stm32g0xx_hal_flash.o(i.HAL_FLASH_OB_Launch), (20 bytes).
    Removing stm32g0xx_hal_flash.o(i.HAL_FLASH_OB_Lock), (40 bytes).
    Removing stm32g0xx_hal_flash.o(i.HAL_FLASH_OB_Unlock), (40 bytes).
    Removing stm32g0xx_hal_flash.o(i.HAL_FLASH_OperationErrorCallback), (2 bytes).
    Removing stm32g0xx_hal_flash.o(i.HAL_FLASH_Program), (96 bytes).
    Removing stm32g0xx_hal_flash.o(i.HAL_FLASH_Program_IT), (104 bytes).
    Removing stm32g0xx_hal_flash.o(i.HAL_FLASH_Unlock), (40 bytes).
    Removing stm32g0xx_hal_flash.o(.bss), (28 bytes).
    Removing stm32g0xx_hal_flash_ex.o(.rev16_text), (4 bytes).
    Removing stm32g0xx_hal_flash_ex.o(.revsh_text), (4 bytes).
    Removing stm32g0xx_hal_flash_ex.o(i.FLASH_FlushCaches), (44 bytes).
    Removing stm32g0xx_hal_flash_ex.o(i.FLASH_MassErase), (20 bytes).
    Removing stm32g0xx_hal_flash_ex.o(i.FLASH_OB_GetRDP), (24 bytes).
    Removing stm32g0xx_hal_flash_ex.o(i.FLASH_OB_GetUser), (20 bytes).
    Removing stm32g0xx_hal_flash_ex.o(i.FLASH_OB_OptrConfig), (24 bytes).
    Removing stm32g0xx_hal_flash_ex.o(i.FLASH_PageErase), (32 bytes).
    Removing stm32g0xx_hal_flash_ex.o(i.HAL_FLASHEx_Erase), (136 bytes).
    Removing stm32g0xx_hal_flash_ex.o(i.HAL_FLASHEx_Erase_IT), (108 bytes).
    Removing stm32g0xx_hal_flash_ex.o(i.HAL_FLASHEx_FlashEmptyCheck), (16 bytes).
    Removing stm32g0xx_hal_flash_ex.o(i.HAL_FLASHEx_ForceFlashEmpty), (20 bytes).
    Removing stm32g0xx_hal_flash_ex.o(i.HAL_FLASHEx_OBGetConfig), (72 bytes).
    Removing stm32g0xx_hal_flash_ex.o(i.HAL_FLASHEx_OBProgram), (152 bytes).
    Removing stm32g0xx_hal_gpio.o(.rev16_text), (4 bytes).
    Removing stm32g0xx_hal_gpio.o(.revsh_text), (4 bytes).
    Removing stm32g0xx_hal_gpio.o(i.HAL_GPIO_DeInit), (212 bytes).
    Removing stm32g0xx_hal_gpio.o(i.HAL_GPIO_EXTI_Falling_Callback), (2 bytes).
    Removing stm32g0xx_hal_gpio.o(i.HAL_GPIO_EXTI_IRQHandler), (40 bytes).
    Removing stm32g0xx_hal_gpio.o(i.HAL_GPIO_EXTI_Rising_Callback), (2 bytes).
    Removing stm32g0xx_hal_gpio.o(i.HAL_GPIO_LockPin), (36 bytes).
    Removing stm32g0xx_hal_gpio.o(i.HAL_GPIO_ReadPin), (10 bytes).
    Removing stm32g0xx_hal_gpio.o(i.HAL_GPIO_TogglePin), (16 bytes).
    Removing stm32g0xx_hal_gpio.o(i.HAL_GPIO_WritePin), (12 bytes).
    Removing stm32g0xx_hal_dma.o(.rev16_text), (4 bytes).
    Removing stm32g0xx_hal_dma.o(.revsh_text), (4 bytes).
    Removing stm32g0xx_hal_dma.o(i.HAL_DMA_Abort), (116 bytes).
    Removing stm32g0xx_hal_dma.o(i.HAL_DMA_Abort_IT), (124 bytes).
    Removing stm32g0xx_hal_dma.o(i.HAL_DMA_DeInit), (132 bytes).
    Removing stm32g0xx_hal_dma.o(i.HAL_DMA_GetError), (4 bytes).
    Removing stm32g0xx_hal_dma.o(i.HAL_DMA_GetState), (6 bytes).
    Removing stm32g0xx_hal_dma.o(i.HAL_DMA_PollForTransfer), (272 bytes).
    Removing stm32g0xx_hal_dma.o(i.HAL_DMA_RegisterCallback), (72 bytes).
    Removing stm32g0xx_hal_dma.o(i.HAL_DMA_Start), (78 bytes).
    Removing stm32g0xx_hal_dma.o(i.HAL_DMA_UnRegisterCallback), (78 bytes).
    Removing stm32g0xx_hal_dma_ex.o(.rev16_text), (4 bytes).
    Removing stm32g0xx_hal_dma_ex.o(.revsh_text), (4 bytes).
    Removing stm32g0xx_hal_dma_ex.o(i.HAL_DMAEx_ConfigMuxRequestGenerator), (74 bytes).
    Removing stm32g0xx_hal_dma_ex.o(i.HAL_DMAEx_ConfigMuxSync), (80 bytes).
    Removing stm32g0xx_hal_dma_ex.o(i.HAL_DMAEx_DisableMuxRequestGenerator), (32 bytes).
    Removing stm32g0xx_hal_dma_ex.o(i.HAL_DMAEx_EnableMuxRequestGenerator), (32 bytes).
    Removing stm32g0xx_hal_dma_ex.o(i.HAL_DMAEx_MUX_IRQHandler), (104 bytes).
    Removing stm32g0xx_hal_pwr.o(.rev16_text), (4 bytes).
    Removing stm32g0xx_hal_pwr.o(.revsh_text), (4 bytes).
    Removing stm32g0xx_hal_pwr.o(i.HAL_PWR_DeInit), (24 bytes).
    Removing stm32g0xx_hal_pwr.o(i.HAL_PWR_DisableBkUpAccess), (16 bytes).
    Removing stm32g0xx_hal_pwr.o(i.HAL_PWR_DisableSEVOnPend), (16 bytes).
    Removing stm32g0xx_hal_pwr.o(i.HAL_PWR_DisableSleepOnExit), (16 bytes).
    Removing stm32g0xx_hal_pwr.o(i.HAL_PWR_DisableWakeUpPin), (20 bytes).
    Removing stm32g0xx_hal_pwr.o(i.HAL_PWR_EnableBkUpAccess), (16 bytes).
    Removing stm32g0xx_hal_pwr.o(i.HAL_PWR_EnableSEVOnPend), (16 bytes).
    Removing stm32g0xx_hal_pwr.o(i.HAL_PWR_EnableSleepOnExit), (16 bytes).
    Removing stm32g0xx_hal_pwr.o(i.HAL_PWR_EnableWakeUpPin), (28 bytes).
    Removing stm32g0xx_hal_pwr.o(i.HAL_PWR_EnterSLEEPMode), (68 bytes).
    Removing stm32g0xx_hal_pwr.o(i.HAL_PWR_EnterSTANDBYMode), (36 bytes).
    Removing stm32g0xx_hal_pwr.o(i.HAL_PWR_EnterSTOPMode), (64 bytes).
    Removing stm32g0xx_hal_pwr_ex.o(.rev16_text), (4 bytes).
    Removing stm32g0xx_hal_pwr_ex.o(.revsh_text), (4 bytes).
    Removing stm32g0xx_hal_pwr_ex.o(i.HAL_PWREx_ControlVoltageScaling), (76 bytes).
    Removing stm32g0xx_hal_pwr_ex.o(i.HAL_PWREx_DisableBatteryCharging), (16 bytes).
    Removing stm32g0xx_hal_pwr_ex.o(i.HAL_PWREx_DisableFlashPowerDown), (16 bytes).
    Removing stm32g0xx_hal_pwr_ex.o(i.HAL_PWREx_DisableGPIOPullDown), (80 bytes).
    Removing stm32g0xx_hal_pwr_ex.o(i.HAL_PWREx_DisableGPIOPullUp), (80 bytes).
    Removing stm32g0xx_hal_pwr_ex.o(i.HAL_PWREx_DisableInternalWakeUpLine), (16 bytes).
    Removing stm32g0xx_hal_pwr_ex.o(i.HAL_PWREx_DisableLowPowerRunMode), (64 bytes).
    Removing stm32g0xx_hal_pwr_ex.o(i.HAL_PWREx_DisablePullUpPullDownConfig), (16 bytes).
    Removing stm32g0xx_hal_pwr_ex.o(i.HAL_PWREx_EnableBatteryCharging), (24 bytes).
    Removing stm32g0xx_hal_pwr_ex.o(i.HAL_PWREx_EnableFlashPowerDown), (16 bytes).
    Removing stm32g0xx_hal_pwr_ex.o(i.HAL_PWREx_EnableGPIOPullDown), (116 bytes).
    Removing stm32g0xx_hal_pwr_ex.o(i.HAL_PWREx_EnableGPIOPullUp), (116 bytes).
    Removing stm32g0xx_hal_pwr_ex.o(i.HAL_PWREx_EnableInternalWakeUpLine), (16 bytes).
    Removing stm32g0xx_hal_pwr_ex.o(i.HAL_PWREx_EnableLowPowerRunMode), (16 bytes).
    Removing stm32g0xx_hal_pwr_ex.o(i.HAL_PWREx_EnablePullUpPullDownConfig), (16 bytes).
    Removing stm32g0xx_hal_pwr_ex.o(i.HAL_PWREx_GetVoltageRange), (16 bytes).
    Removing stm32g0xx_hal_cortex.o(.rev16_text), (4 bytes).
    Removing stm32g0xx_hal_cortex.o(.revsh_text), (4 bytes).
    Removing stm32g0xx_hal_cortex.o(i.HAL_MPU_ConfigRegion), (76 bytes).
    Removing stm32g0xx_hal_cortex.o(i.HAL_MPU_Disable), (16 bytes).
    Removing stm32g0xx_hal_cortex.o(i.HAL_MPU_DisableRegion), (20 bytes).
    Removing stm32g0xx_hal_cortex.o(i.HAL_MPU_Enable), (24 bytes).
    Removing stm32g0xx_hal_cortex.o(i.HAL_MPU_EnableRegion), (20 bytes).
    Removing stm32g0xx_hal_cortex.o(i.HAL_NVIC_ClearPendingIRQ), (24 bytes).
    Removing stm32g0xx_hal_cortex.o(i.HAL_NVIC_DisableIRQ), (32 bytes).
    Removing stm32g0xx_hal_cortex.o(i.HAL_NVIC_GetPendingIRQ), (32 bytes).
    Removing stm32g0xx_hal_cortex.o(i.HAL_NVIC_GetPriority), (52 bytes).
    Removing stm32g0xx_hal_cortex.o(i.HAL_NVIC_SetPendingIRQ), (24 bytes).
    Removing stm32g0xx_hal_cortex.o(i.HAL_NVIC_SystemReset), (28 bytes).
    Removing stm32g0xx_hal_cortex.o(i.HAL_SYSTICK_CLKSourceConfig), (24 bytes).
    Removing stm32g0xx_hal_cortex.o(i.HAL_SYSTICK_Callback), (2 bytes).
    Removing stm32g0xx_hal_cortex.o(i.HAL_SYSTICK_IRQHandler), (8 bytes).
    Removing stm32g0xx_hal.o(.rev16_text), (4 bytes).
    Removing stm32g0xx_hal.o(.revsh_text), (4 bytes).
    Removing stm32g0xx_hal.o(i.HAL_DBGMCU_DisableDBGStandbyMode), (16 bytes).
    Removing stm32g0xx_hal.o(i.HAL_DBGMCU_DisableDBGStopMode), (16 bytes).
    Removing stm32g0xx_hal.o(i.HAL_DBGMCU_EnableDBGStandbyMode), (16 bytes).
    Removing stm32g0xx_hal.o(i.HAL_DBGMCU_EnableDBGStopMode), (16 bytes).
    Removing stm32g0xx_hal.o(i.HAL_DeInit), (40 bytes).
    Removing stm32g0xx_hal.o(i.HAL_Delay), (36 bytes).
    Removing stm32g0xx_hal.o(i.HAL_GetDEVID), (16 bytes).
    Removing stm32g0xx_hal.o(i.HAL_GetHalVersion), (8 bytes).
    Removing stm32g0xx_hal.o(i.HAL_GetREVID), (12 bytes).
    Removing stm32g0xx_hal.o(i.HAL_GetTickFreq), (12 bytes).
    Removing stm32g0xx_hal.o(i.HAL_GetTickPrio), (12 bytes).
    Removing stm32g0xx_hal.o(i.HAL_GetUIDw0), (12 bytes).
    Removing stm32g0xx_hal.o(i.HAL_GetUIDw1), (12 bytes).
    Removing stm32g0xx_hal.o(i.HAL_GetUIDw2), (12 bytes).
    Removing stm32g0xx_hal.o(i.HAL_MspDeInit), (2 bytes).
    Removing stm32g0xx_hal.o(i.HAL_MspInit), (2 bytes).
    Removing stm32g0xx_hal.o(i.HAL_ResumeTick), (16 bytes).
    Removing stm32g0xx_hal.o(i.HAL_SYSCFG_DisableClampingDiode), (16 bytes).
    Removing stm32g0xx_hal.o(i.HAL_SYSCFG_DisableIOAnalogSwitchBooster), (16 bytes).
    Removing stm32g0xx_hal.o(i.HAL_SYSCFG_DisableRemap), (16 bytes).
    Removing stm32g0xx_hal.o(i.HAL_SYSCFG_EnableClampingDiode), (16 bytes).
    Removing stm32g0xx_hal.o(i.HAL_SYSCFG_EnableIOAnalogSwitchBooster), (16 bytes).
    Removing stm32g0xx_hal.o(i.HAL_SYSCFG_EnableRemap), (16 bytes).
    Removing stm32g0xx_hal.o(i.HAL_SetTickFreq), (36 bytes).
    Removing stm32g0xx_hal.o(i.HAL_SuspendTick), (16 bytes).
    Removing stm32g0xx_hal_exti.o(.rev16_text), (4 bytes).
    Removing stm32g0xx_hal_exti.o(.revsh_text), (4 bytes).
    Removing stm32g0xx_hal_exti.o(i.HAL_EXTI_ClearConfigLine), (120 bytes).
    Removing stm32g0xx_hal_exti.o(i.HAL_EXTI_ClearPending), (40 bytes).
    Removing stm32g0xx_hal_exti.o(i.HAL_EXTI_GenerateSWI), (28 bytes).
    Removing stm32g0xx_hal_exti.o(i.HAL_EXTI_GetConfigLine), (156 bytes).
    Removing stm32g0xx_hal_exti.o(i.HAL_EXTI_GetHandle), (14 bytes).
    Removing stm32g0xx_hal_exti.o(i.HAL_EXTI_GetPending), (44 bytes).
    Removing stm32g0xx_hal_exti.o(i.HAL_EXTI_IRQHandler), (68 bytes).
    Removing stm32g0xx_hal_exti.o(i.HAL_EXTI_RegisterCallback), (30 bytes).
    Removing stm32g0xx_hal_exti.o(i.HAL_EXTI_SetConfigLine), (172 bytes).
    Removing stm32g0xx_hal_spi.o(.rev16_text), (4 bytes).
    Removing stm32g0xx_hal_spi.o(.revsh_text), (4 bytes).
    Removing stm32g0xx_hal_spi.o(i.HAL_SPI_Abort), (372 bytes).
    Removing stm32g0xx_hal_spi.o(i.HAL_SPI_AbortCpltCallback), (2 bytes).
    Removing stm32g0xx_hal_spi.o(i.HAL_SPI_Abort_IT), (308 bytes).
    Removing stm32g0xx_hal_spi.o(i.HAL_SPI_DMAPause), (34 bytes).
    Removing stm32g0xx_hal_spi.o(i.HAL_SPI_DMAResume), (34 bytes).
    Removing stm32g0xx_hal_spi.o(i.HAL_SPI_DMAStop), (72 bytes).
    Removing stm32g0xx_hal_spi.o(i.HAL_SPI_DeInit), (48 bytes).
    Removing stm32g0xx_hal_spi.o(i.HAL_SPI_GetError), (4 bytes).
    Removing stm32g0xx_hal_spi.o(i.HAL_SPI_GetState), (6 bytes).
    Removing stm32g0xx_hal_spi.o(i.HAL_SPI_IRQHandler), (248 bytes).
    Removing stm32g0xx_hal_spi.o(i.HAL_SPI_MspDeInit), (2 bytes).
    Removing stm32g0xx_hal_spi.o(i.HAL_SPI_MspInit), (2 bytes).
    Removing stm32g0xx_hal_spi.o(i.HAL_SPI_Receive), (360 bytes).
    Removing stm32g0xx_hal_spi.o(i.HAL_SPI_Receive_DMA), (328 bytes).
    Removing stm32g0xx_hal_spi.o(i.HAL_SPI_Receive_IT), (196 bytes).
    Removing stm32g0xx_hal_spi.o(i.HAL_SPI_Transmit), (352 bytes).
    Removing stm32g0xx_hal_spi.o(i.HAL_SPI_TransmitReceive), (504 bytes).
    Removing stm32g0xx_hal_spi.o(i.HAL_SPI_TransmitReceive_IT), (200 bytes).
    Removing stm32g0xx_hal_spi.o(i.HAL_SPI_Transmit_DMA), (264 bytes).
    Removing stm32g0xx_hal_spi.o(i.HAL_SPI_Transmit_IT), (152 bytes).
    Removing stm32g0xx_hal_spi.o(i.HAL_SPI_TxCpltCallback), (2 bytes).
    Removing stm32g0xx_hal_spi.o(i.HAL_SPI_TxHalfCpltCallback), (2 bytes).
    Removing stm32g0xx_hal_spi.o(i.SPI_2linesRxISR_16BIT), (54 bytes).
    Removing stm32g0xx_hal_spi.o(i.SPI_2linesRxISR_8BIT), (96 bytes).
    Removing stm32g0xx_hal_spi.o(i.SPI_2linesTxISR_16BIT), (52 bytes).
    Removing stm32g0xx_hal_spi.o(i.SPI_2linesTxISR_8BIT), (74 bytes).
    Removing stm32g0xx_hal_spi.o(i.SPI_AbortRx_ISR), (132 bytes).
    Removing stm32g0xx_hal_spi.o(i.SPI_AbortTx_ISR), (220 bytes).
    Removing stm32g0xx_hal_spi.o(i.SPI_CloseRxTx_ISR), (82 bytes).
    Removing stm32g0xx_hal_spi.o(i.SPI_CloseRx_ISR), (66 bytes).
    Removing stm32g0xx_hal_spi.o(i.SPI_CloseTx_ISR), (80 bytes).
    Removing stm32g0xx_hal_spi.o(i.SPI_DMAAbortOnError), (18 bytes).
    Removing stm32g0xx_hal_spi.o(i.SPI_DMAHalfTransmitCplt), (10 bytes).
    Removing stm32g0xx_hal_spi.o(i.SPI_DMARxAbortCallback), (134 bytes).
    Removing stm32g0xx_hal_spi.o(i.SPI_DMATransmitCplt), (104 bytes).
    Removing stm32g0xx_hal_spi.o(i.SPI_DMATxAbortCallback), (128 bytes).
    Removing stm32g0xx_hal_spi.o(i.SPI_RxISR_16BIT), (38 bytes).
    Removing stm32g0xx_hal_spi.o(i.SPI_RxISR_8BIT), (38 bytes).
    Removing stm32g0xx_hal_spi.o(i.SPI_TxISR_16BIT), (34 bytes).
    Removing stm32g0xx_hal_spi.o(i.SPI_TxISR_8BIT), (34 bytes).
    Removing stm32g0xx_hal_spi_ex.o(.rev16_text), (4 bytes).
    Removing stm32g0xx_hal_spi_ex.o(.revsh_text), (4 bytes).
    Removing stm32g0xx_hal_spi_ex.o(i.HAL_SPIEx_FlushRxFifo), (36 bytes).
    Removing stm32g0xx_hal_tim.o(.rev16_text), (4 bytes).
    Removing stm32g0xx_hal_tim.o(.revsh_text), (4 bytes).
    Removing stm32g0xx_hal_tim_ex.o(.rev16_text), (4 bytes).
    Removing stm32g0xx_hal_tim_ex.o(.revsh_text), (4 bytes).
    Removing stm32g0xx_ll_tim.o(.rev16_text), (4 bytes).
    Removing stm32g0xx_ll_tim.o(.revsh_text), (4 bytes).
    Removing stm32g0xx_ll_tim.o(i.LL_APB2_GRP1_ForceReset), (16 bytes).
    Removing stm32g0xx_ll_tim.o(i.LL_APB2_GRP1_ReleaseReset), (16 bytes).
    Removing stm32g0xx_ll_tim.o(i.LL_TIM_BDTR_Init), (140 bytes).
    Removing stm32g0xx_ll_tim.o(i.LL_TIM_BDTR_StructInit), (30 bytes).
    Removing stm32g0xx_ll_tim.o(i.LL_TIM_DeInit), (116 bytes).
    Removing stm32g0xx_ll_tim.o(i.LL_TIM_ENCODER_Init), (100 bytes).
    Removing stm32g0xx_ll_tim.o(i.LL_TIM_ENCODER_StructInit), (28 bytes).
    Removing stm32g0xx_ll_tim.o(i.LL_TIM_HALLSENSOR_Init), (96 bytes).
    Removing stm32g0xx_ll_tim.o(i.LL_TIM_HALLSENSOR_StructInit), (12 bytes).
    Removing stm32g0xx_ll_tim.o(i.LL_TIM_IC_Init), (218 bytes).
    Removing stm32g0xx_ll_tim.o(i.LL_TIM_IC_StructInit), (14 bytes).
    Removing stm32g0xx_ll_tim.o(i.LL_TIM_OC_StructInit), (20 bytes).
    Removing stm32g0xx_ll_tim.o(i.LL_TIM_StructInit), (16 bytes).
    Removing system_stm32g0xx.o(.rev16_text), (4 bytes).
    Removing system_stm32g0xx.o(.revsh_text), (4 bytes).
    Removing system_stm32g0xx.o(i.SystemCoreClockUpdate), (144 bytes).
    Removing system_stm32g0xx.o(.constdata), (64 bytes).
    Removing system_stm32g0xx.o(.constdata), (32 bytes).
    Removing stm32g0xx_hal_dma.o(i.__ARM_common_switch8), (26 bytes).

296 unused section(s) (total 17323 bytes) removed from the image.

==============================================================================

Image Symbol Table

    Local Symbols

    Symbol Name                              Value     Ov Type        Size  Object(Section)

    ../Core/Src/main.c                       0x00000000   Number         0  main.o ABSOLUTE
    ../Core/Src/stm32g0xx_hal_msp.c          0x00000000   Number         0  stm32g0xx_hal_msp.o ABSOLUTE
    ../Core/Src/stm32g0xx_it.c               0x00000000   Number         0  stm32g0xx_it.o ABSOLUTE
    ../Core/Src/system_stm32g0xx.c           0x00000000   Number         0  system_stm32g0xx.o ABSOLUTE
    ../Drivers/STM32G0xx_HAL_Driver/Src/stm32g0xx_hal.c 0x00000000   Number         0  stm32g0xx_hal.o ABSOLUTE
    ../Drivers/STM32G0xx_HAL_Driver/Src/stm32g0xx_hal_cortex.c 0x00000000   Number         0  stm32g0xx_hal_cortex.o ABSOLUTE
    ../Drivers/STM32G0xx_HAL_Driver/Src/stm32g0xx_hal_dma.c 0x00000000   Number         0  stm32g0xx_hal_dma.o ABSOLUTE
    ../Drivers/STM32G0xx_HAL_Driver/Src/stm32g0xx_hal_dma_ex.c 0x00000000   Number         0  stm32g0xx_hal_dma_ex.o ABSOLUTE
    ../Drivers/STM32G0xx_HAL_Driver/Src/stm32g0xx_hal_exti.c 0x00000000   Number         0  stm32g0xx_hal_exti.o ABSOLUTE
    ../Drivers/STM32G0xx_HAL_Driver/Src/stm32g0xx_hal_flash.c 0x00000000   Number         0  stm32g0xx_hal_flash.o ABSOLUTE
    ../Drivers/STM32G0xx_HAL_Driver/Src/stm32g0xx_hal_flash_ex.c 0x00000000   Number         0  stm32g0xx_hal_flash_ex.o ABSOLUTE
    ../Drivers/STM32G0xx_HAL_Driver/Src/stm32g0xx_hal_gpio.c 0x00000000   Number         0  stm32g0xx_hal_gpio.o ABSOLUTE
    ../Drivers/STM32G0xx_HAL_Driver/Src/stm32g0xx_hal_pwr.c 0x00000000   Number         0  stm32g0xx_hal_pwr.o ABSOLUTE
    ../Drivers/STM32G0xx_HAL_Driver/Src/stm32g0xx_hal_pwr_ex.c 0x00000000   Number         0  stm32g0xx_hal_pwr_ex.o ABSOLUTE
    ../Drivers/STM32G0xx_HAL_Driver/Src/stm32g0xx_hal_rcc.c 0x00000000   Number         0  stm32g0xx_hal_rcc.o ABSOLUTE
    ../Drivers/STM32G0xx_HAL_Driver/Src/stm32g0xx_hal_rcc_ex.c 0x00000000   Number         0  stm32g0xx_hal_rcc_ex.o ABSOLUTE
    ../Drivers/STM32G0xx_HAL_Driver/Src/stm32g0xx_hal_spi.c 0x00000000   Number         0  stm32g0xx_hal_spi.o ABSOLUTE
    ../Drivers/STM32G0xx_HAL_Driver/Src/stm32g0xx_hal_spi_ex.c 0x00000000   Number         0  stm32g0xx_hal_spi_ex.o ABSOLUTE
    ../Drivers/STM32G0xx_HAL_Driver/Src/stm32g0xx_hal_tim.c 0x00000000   Number         0  stm32g0xx_hal_tim.o ABSOLUTE
    ../Drivers/STM32G0xx_HAL_Driver/Src/stm32g0xx_hal_tim_ex.c 0x00000000   Number         0  stm32g0xx_hal_tim_ex.o ABSOLUTE
    ../Drivers/STM32G0xx_HAL_Driver/Src/stm32g0xx_ll_adc.c 0x00000000   Number         0  stm32g0xx_ll_adc.o ABSOLUTE
    ../Drivers/STM32G0xx_HAL_Driver/Src/stm32g0xx_ll_dma.c 0x00000000   Number         0  stm32g0xx_ll_dma.o ABSOLUTE
    ../Drivers/STM32G0xx_HAL_Driver/Src/stm32g0xx_ll_exti.c 0x00000000   Number         0  stm32g0xx_ll_exti.o ABSOLUTE
    ../Drivers/STM32G0xx_HAL_Driver/Src/stm32g0xx_ll_gpio.c 0x00000000   Number         0  stm32g0xx_ll_gpio.o ABSOLUTE
    ../Drivers/STM32G0xx_HAL_Driver/Src/stm32g0xx_ll_rcc.c 0x00000000   Number         0  stm32g0xx_ll_rcc.o ABSOLUTE
    ../Drivers/STM32G0xx_HAL_Driver/Src/stm32g0xx_ll_tim.c 0x00000000   Number         0  stm32g0xx_ll_tim.o ABSOLUTE
    ../Drivers/STM32G0xx_HAL_Driver/Src/stm32g0xx_ll_utils.c 0x00000000   Number         0  stm32g0xx_ll_utils.o ABSOLUTE
    ../clib/angel/boardlib.s                 0x00000000   Number         0  boardinit3.o ABSOLUTE
    ../clib/angel/boardlib.s                 0x00000000   Number         0  boardshut.o ABSOLUTE
    ../clib/angel/boardlib.s                 0x00000000   Number         0  boardinit2.o ABSOLUTE
    ../clib/angel/boardlib.s                 0x00000000   Number         0  boardinit1.o ABSOLUTE
    ../clib/angel/handlers.s                 0x00000000   Number         0  __scatter_copy.o ABSOLUTE
    ../clib/angel/handlers.s                 0x00000000   Number         0  __scatter_zi.o ABSOLUTE
    ../clib/angel/kernel.s                   0x00000000   Number         0  __rtentry2.o ABSOLUTE
    ../clib/angel/kernel.s                   0x00000000   Number         0  __rtentry.o ABSOLUTE
    ../clib/angel/kernel.s                   0x00000000   Number         0  rtexit.o ABSOLUTE
    ../clib/angel/kernel.s                   0x00000000   Number         0  rtexit2.o ABSOLUTE
    ../clib/angel/kernel.s                   0x00000000   Number         0  __rtentry4.o ABSOLUTE
    ../clib/angel/rt.s                       0x00000000   Number         0  aeabi_idiv0_sigfpe.o ABSOLUTE
    ../clib/angel/rt.s                       0x00000000   Number         0  aeabi_idiv0.o ABSOLUTE
    ../clib/angel/rt.s                       0x00000000   Number         0  rt_raise.o ABSOLUTE
    ../clib/angel/rt.s                       0x00000000   Number         0  rt_div0.o ABSOLUTE
    ../clib/angel/scatterp.s                 0x00000000   Number         0  __scatter.o ABSOLUTE
    ../clib/angel/startup.s                  0x00000000   Number         0  __main.o ABSOLUTE
    ../clib/angel/sys.s                      0x00000000   Number         0  libspace.o ABSOLUTE
    ../clib/angel/sys.s                      0x00000000   Number         0  tempstk.o ABSOLUTE
    ../clib/angel/sys.s                      0x00000000   Number         0  use_no_semi.o ABSOLUTE
    ../clib/angel/sys.s                      0x00000000   Number         0  indicate_semi.o ABSOLUTE
    ../clib/angel/sys.s                      0x00000000   Number         0  sys_stackheap_outer.o ABSOLUTE
    ../clib/angel/sysapp.c                   0x00000000   Number         0  sys_wrch.o ABSOLUTE
    ../clib/angel/sysapp.c                   0x00000000   Number         0  sys_exit.o ABSOLUTE
    ../clib/angel/sysapp.c                   0x00000000   Number         0  sys_command.o ABSOLUTE
    ../clib/armsys.c                         0x00000000   Number         0  argv_veneer.o ABSOLUTE
    ../clib/armsys.c                         0x00000000   Number         0  _get_argv_nomalloc.o ABSOLUTE
    ../clib/armsys.c                         0x00000000   Number         0  no_argv.o ABSOLUTE
    ../clib/division.s                       0x00000000   Number         0  aeabi_sdiv.o ABSOLUTE
    ../clib/division.s                       0x00000000   Number         0  aeabi_sdiv_div0.o ABSOLUTE
    ../clib/heapalloc.c                      0x00000000   Number         0  hrguard.o ABSOLUTE
    ../clib/heapaux.c                        0x00000000   Number         0  heapauxi.o ABSOLUTE
    ../clib/libinit.s                        0x00000000   Number         0  libinit.o ABSOLUTE
    ../clib/libinit.s                        0x00000000   Number         0  libshutdown.o ABSOLUTE
    ../clib/libinit.s                        0x00000000   Number         0  libinit2.o ABSOLUTE
    ../clib/libinit.s                        0x00000000   Number         0  libshutdown2.o ABSOLUTE
    ../clib/memcpset.c                       0x00000000   Number         0  rt_memclr.o ABSOLUTE
    ../clib/signal.c                         0x00000000   Number         0  defsig_cppl_inner.o ABSOLUTE
    ../clib/signal.c                         0x00000000   Number         0  defsig_pvfn_inner.o ABSOLUTE
    ../clib/signal.c                         0x00000000   Number         0  defsig_stak_inner.o ABSOLUTE
    ../clib/signal.c                         0x00000000   Number         0  defsig_rtmem_formal.o ABSOLUTE
    ../clib/signal.c                         0x00000000   Number         0  defsig_rtmem_outer.o ABSOLUTE
    ../clib/signal.c                         0x00000000   Number         0  defsig_rtmem_inner.o ABSOLUTE
    ../clib/signal.c                         0x00000000   Number         0  defsig_rtred_inner.o ABSOLUTE
    ../clib/signal.c                         0x00000000   Number         0  defsig_abrt_inner.o ABSOLUTE
    ../clib/signal.c                         0x00000000   Number         0  defsig_exit.o ABSOLUTE
    ../clib/signal.c                         0x00000000   Number         0  defsig_fpe_formal.o ABSOLUTE
    ../clib/signal.c                         0x00000000   Number         0  defsig_general.o ABSOLUTE
    ../clib/signal.c                         0x00000000   Number         0  defsig_fpe_outer.o ABSOLUTE
    ../clib/signal.c                         0x00000000   Number         0  __raise.o ABSOLUTE
    ../clib/signal.c                         0x00000000   Number         0  defsig_fpe_inner.o ABSOLUTE
    ../clib/signal.c                         0x00000000   Number         0  defsig_other.o ABSOLUTE
    ../clib/signal.c                         0x00000000   Number         0  defsig_segv_inner.o ABSOLUTE
    ../clib/signal.s                         0x00000000   Number         0  defsig.o ABSOLUTE
    ../clib/stdlib.c                         0x00000000   Number         0  exit.o ABSOLUTE
    ../fplib/cfplib/fpinit.c                 0x00000000   Number         0  fpinit.o ABSOLUTE
    ..\Core\Src\main.c                       0x00000000   Number         0  main.o ABSOLUTE
    ..\Core\Src\stm32g0xx_hal_msp.c          0x00000000   Number         0  stm32g0xx_hal_msp.o ABSOLUTE
    ..\Core\Src\stm32g0xx_it.c               0x00000000   Number         0  stm32g0xx_it.o ABSOLUTE
    ..\Core\Src\system_stm32g0xx.c           0x00000000   Number         0  system_stm32g0xx.o ABSOLUTE
    ..\Drivers\STM32G0xx_HAL_Driver\Src\stm32g0xx_hal.c 0x00000000   Number         0  stm32g0xx_hal.o ABSOLUTE
    ..\Drivers\STM32G0xx_HAL_Driver\Src\stm32g0xx_hal_cortex.c 0x00000000   Number         0  stm32g0xx_hal_cortex.o ABSOLUTE
    ..\Drivers\STM32G0xx_HAL_Driver\Src\stm32g0xx_hal_dma.c 0x00000000   Number         0  stm32g0xx_hal_dma.o ABSOLUTE
    ..\Drivers\STM32G0xx_HAL_Driver\Src\stm32g0xx_hal_dma_ex.c 0x00000000   Number         0  stm32g0xx_hal_dma_ex.o ABSOLUTE
    ..\Drivers\STM32G0xx_HAL_Driver\Src\stm32g0xx_hal_exti.c 0x00000000   Number         0  stm32g0xx_hal_exti.o ABSOLUTE
    ..\Drivers\STM32G0xx_HAL_Driver\Src\stm32g0xx_hal_flash.c 0x00000000   Number         0  stm32g0xx_hal_flash.o ABSOLUTE
    ..\Drivers\STM32G0xx_HAL_Driver\Src\stm32g0xx_hal_flash_ex.c 0x00000000   Number         0  stm32g0xx_hal_flash_ex.o ABSOLUTE
    ..\Drivers\STM32G0xx_HAL_Driver\Src\stm32g0xx_hal_gpio.c 0x00000000   Number         0  stm32g0xx_hal_gpio.o ABSOLUTE
    ..\Drivers\STM32G0xx_HAL_Driver\Src\stm32g0xx_hal_pwr.c 0x00000000   Number         0  stm32g0xx_hal_pwr.o ABSOLUTE
    ..\Drivers\STM32G0xx_HAL_Driver\Src\stm32g0xx_hal_pwr_ex.c 0x00000000   Number         0  stm32g0xx_hal_pwr_ex.o ABSOLUTE
    ..\Drivers\STM32G0xx_HAL_Driver\Src\stm32g0xx_hal_rcc.c 0x00000000   Number         0  stm32g0xx_hal_rcc.o ABSOLUTE
    ..\Drivers\STM32G0xx_HAL_Driver\Src\stm32g0xx_hal_rcc_ex.c 0x00000000   Number         0  stm32g0xx_hal_rcc_ex.o ABSOLUTE
    ..\Drivers\STM32G0xx_HAL_Driver\Src\stm32g0xx_hal_spi.c 0x00000000   Number         0  stm32g0xx_hal_spi.o ABSOLUTE
    ..\Drivers\STM32G0xx_HAL_Driver\Src\stm32g0xx_hal_spi_ex.c 0x00000000   Number         0  stm32g0xx_hal_spi_ex.o ABSOLUTE
    ..\Drivers\STM32G0xx_HAL_Driver\Src\stm32g0xx_hal_tim.c 0x00000000   Number         0  stm32g0xx_hal_tim.o ABSOLUTE
    ..\Drivers\STM32G0xx_HAL_Driver\Src\stm32g0xx_hal_tim_ex.c 0x00000000   Number         0  stm32g0xx_hal_tim_ex.o ABSOLUTE
    ..\Drivers\STM32G0xx_HAL_Driver\Src\stm32g0xx_ll_adc.c 0x00000000   Number         0  stm32g0xx_ll_adc.o ABSOLUTE
    ..\Drivers\STM32G0xx_HAL_Driver\Src\stm32g0xx_ll_dma.c 0x00000000   Number         0  stm32g0xx_ll_dma.o ABSOLUTE
    ..\Drivers\STM32G0xx_HAL_Driver\Src\stm32g0xx_ll_exti.c 0x00000000   Number         0  stm32g0xx_ll_exti.o ABSOLUTE
    ..\Drivers\STM32G0xx_HAL_Driver\Src\stm32g0xx_ll_gpio.c 0x00000000   Number         0  stm32g0xx_ll_gpio.o ABSOLUTE
    ..\Drivers\STM32G0xx_HAL_Driver\Src\stm32g0xx_ll_rcc.c 0x00000000   Number         0  stm32g0xx_ll_rcc.o ABSOLUTE
    ..\Drivers\STM32G0xx_HAL_Driver\Src\stm32g0xx_ll_tim.c 0x00000000   Number         0  stm32g0xx_ll_tim.o ABSOLUTE
    ..\Drivers\STM32G0xx_HAL_Driver\Src\stm32g0xx_ll_utils.c 0x00000000   Number         0  stm32g0xx_ll_utils.o ABSOLUTE
    dc.s                                     0x00000000   Number         0  dc.o ABSOLUTE
    startup_stm32g030xx.s                    0x00000000   Number         0  startup_stm32g030xx.o ABSOLUTE
    RESET                                    0x08000000   Section      192  startup_stm32g030xx.o(RESET)
    !!!main                                  0x080000c0   Section        8  __main.o(!!!main)
    !!!scatter                               0x080000c8   Section       60  __scatter.o(!!!scatter)
    !!handler_copy                           0x08000104   Section       26  __scatter_copy.o(!!handler_copy)
    !!handler_zi                             0x08000120   Section       28  __scatter_zi.o(!!handler_zi)
    .ARM.Collect$$libinit$$00000000          0x0800013c   Section        2  libinit.o(.ARM.Collect$$libinit$$00000000)
    .ARM.Collect$$libinit$$00000002          0x0800013e   Section        0  libinit2.o(.ARM.Collect$$libinit$$00000002)
    .ARM.Collect$$libinit$$00000004          0x0800013e   Section        0  libinit2.o(.ARM.Collect$$libinit$$00000004)
    .ARM.Collect$$libinit$$0000000A          0x0800013e   Section        0  libinit2.o(.ARM.Collect$$libinit$$0000000A)
    .ARM.Collect$$libinit$$0000000C          0x0800013e   Section        0  libinit2.o(.ARM.Collect$$libinit$$0000000C)
    .ARM.Collect$$libinit$$0000000E          0x0800013e   Section        0  libinit2.o(.ARM.Collect$$libinit$$0000000E)
    .ARM.Collect$$libinit$$00000011          0x0800013e   Section        0  libinit2.o(.ARM.Collect$$libinit$$00000011)
    .ARM.Collect$$libinit$$00000013          0x0800013e   Section        0  libinit2.o(.ARM.Collect$$libinit$$00000013)
    .ARM.Collect$$libinit$$00000015          0x0800013e   Section        0  libinit2.o(.ARM.Collect$$libinit$$00000015)
    .ARM.Collect$$libinit$$00000017          0x0800013e   Section        0  libinit2.o(.ARM.Collect$$libinit$$00000017)
    .ARM.Collect$$libinit$$00000019          0x0800013e   Section        0  libinit2.o(.ARM.Collect$$libinit$$00000019)
    .ARM.Collect$$libinit$$0000001B          0x0800013e   Section        0  libinit2.o(.ARM.Collect$$libinit$$0000001B)
    .ARM.Collect$$libinit$$0000001D          0x0800013e   Section        0  libinit2.o(.ARM.Collect$$libinit$$0000001D)
    .ARM.Collect$$libinit$$0000001F          0x0800013e   Section        0  libinit2.o(.ARM.Collect$$libinit$$0000001F)
    .ARM.Collect$$libinit$$00000021          0x0800013e   Section        0  libinit2.o(.ARM.Collect$$libinit$$00000021)
    .ARM.Collect$$libinit$$00000023          0x0800013e   Section        0  libinit2.o(.ARM.Collect$$libinit$$00000023)
    .ARM.Collect$$libinit$$00000025          0x0800013e   Section        0  libinit2.o(.ARM.Collect$$libinit$$00000025)
    .ARM.Collect$$libinit$$0000002C          0x0800013e   Section        0  libinit2.o(.ARM.Collect$$libinit$$0000002C)
    .ARM.Collect$$libinit$$0000002E          0x0800013e   Section        0  libinit2.o(.ARM.Collect$$libinit$$0000002E)
    .ARM.Collect$$libinit$$00000030          0x0800013e   Section        0  libinit2.o(.ARM.Collect$$libinit$$00000030)
    .ARM.Collect$$libinit$$00000032          0x0800013e   Section        0  libinit2.o(.ARM.Collect$$libinit$$00000032)
    .ARM.Collect$$libinit$$00000033          0x0800013e   Section        2  libinit2.o(.ARM.Collect$$libinit$$00000033)
    .ARM.Collect$$libshutdown$$00000000      0x08000140   Section        2  libshutdown.o(.ARM.Collect$$libshutdown$$00000000)
    .ARM.Collect$$libshutdown$$00000002      0x08000142   Section        0  libshutdown2.o(.ARM.Collect$$libshutdown$$00000002)
    .ARM.Collect$$libshutdown$$00000004      0x08000142   Section        0  libshutdown2.o(.ARM.Collect$$libshutdown$$00000004)
    .ARM.Collect$$libshutdown$$00000006      0x08000142   Section        0  libshutdown2.o(.ARM.Collect$$libshutdown$$00000006)
    .ARM.Collect$$libshutdown$$00000009      0x08000142   Section        0  libshutdown2.o(.ARM.Collect$$libshutdown$$00000009)
    .ARM.Collect$$libshutdown$$0000000C      0x08000142   Section        0  libshutdown2.o(.ARM.Collect$$libshutdown$$0000000C)
    .ARM.Collect$$libshutdown$$0000000E      0x08000142   Section        0  libshutdown2.o(.ARM.Collect$$libshutdown$$0000000E)
    .ARM.Collect$$libshutdown$$00000011      0x08000142   Section        0  libshutdown2.o(.ARM.Collect$$libshutdown$$00000011)
    .ARM.Collect$$libshutdown$$00000012      0x08000142   Section        2  libshutdown2.o(.ARM.Collect$$libshutdown$$00000012)
    .ARM.Collect$$rtentry$$00000000          0x08000144   Section        0  __rtentry.o(.ARM.Collect$$rtentry$$00000000)
    .ARM.Collect$$rtentry$$00000002          0x08000144   Section        0  __rtentry2.o(.ARM.Collect$$rtentry$$00000002)
    .ARM.Collect$$rtentry$$00000004          0x08000144   Section        6  __rtentry4.o(.ARM.Collect$$rtentry$$00000004)
    .ARM.Collect$$rtentry$$00000009          0x0800014a   Section        0  __rtentry2.o(.ARM.Collect$$rtentry$$00000009)
    .ARM.Collect$$rtentry$$0000000A          0x0800014a   Section        4  __rtentry2.o(.ARM.Collect$$rtentry$$0000000A)
    .ARM.Collect$$rtentry$$0000000C          0x0800014e   Section        0  __rtentry2.o(.ARM.Collect$$rtentry$$0000000C)
    .ARM.Collect$$rtentry$$0000000D          0x0800014e   Section        8  __rtentry2.o(.ARM.Collect$$rtentry$$0000000D)
    .ARM.Collect$$rtexit$$00000000           0x08000156   Section        2  rtexit.o(.ARM.Collect$$rtexit$$00000000)
    .ARM.Collect$$rtexit$$00000002           0x08000158   Section        0  rtexit2.o(.ARM.Collect$$rtexit$$00000002)
    .ARM.Collect$$rtexit$$00000003           0x08000158   Section        4  rtexit2.o(.ARM.Collect$$rtexit$$00000003)
    .ARM.Collect$$rtexit$$00000004           0x0800015c   Section        6  rtexit2.o(.ARM.Collect$$rtexit$$00000004)
    .text                                    0x08000164   Section       56  startup_stm32g030xx.o(.text)
    .text                                    0x0800019c   Section        0  rt_memclr.o(.text)
    .text                                    0x080001dc   Section      346  aeabi_sdiv.o(.text)
    .text                                    0x08000336   Section        0  heapauxi.o(.text)
    .text                                    0x0800033c   Section       62  sys_stackheap_outer.o(.text)
    .text                                    0x0800037a   Section        0  exit.o(.text)
    .text                                    0x0800038c   Section        8  libspace.o(.text)
    .text                                    0x08000394   Section        0  sys_exit.o(.text)
    .text                                    0x080003a0   Section        2  use_no_semi.o(.text)
    .text                                    0x080003a2   Section        0  indicate_semi.o(.text)
    i.DMA1_Channel1_IRQHandler               0x080003a2   Section        0  stm32g0xx_it.o(i.DMA1_Channel1_IRQHandler)
    i.DMA1_Channel2_3_IRQHandler             0x080003a4   Section        0  stm32g0xx_it.o(i.DMA1_Channel2_3_IRQHandler)
    i.DMA_CalcDMAMUXChannelBaseAndMask       0x080003bc   Section        0  stm32g0xx_hal_dma.o(i.DMA_CalcDMAMUXChannelBaseAndMask)
    DMA_CalcDMAMUXChannelBaseAndMask         0x080003bd   Thumb Code    44  stm32g0xx_hal_dma.o(i.DMA_CalcDMAMUXChannelBaseAndMask)
    i.DMA_CalcDMAMUXRequestGenBaseAndMask    0x080003ec   Section        0  stm32g0xx_hal_dma.o(i.DMA_CalcDMAMUXRequestGenBaseAndMask)
    DMA_CalcDMAMUXRequestGenBaseAndMask      0x080003ed   Thumb Code    34  stm32g0xx_hal_dma.o(i.DMA_CalcDMAMUXRequestGenBaseAndMask)
    i.DMA_SetConfig                          0x08000414   Section        0  stm32g0xx_hal_dma.o(i.DMA_SetConfig)
    DMA_SetConfig                            0x08000415   Thumb Code    66  stm32g0xx_hal_dma.o(i.DMA_SetConfig)
    i.Error_Handler                          0x0800045c   Section        0  main.o(i.Error_Handler)
    i.HAL_DMA_IRQHandler                     0x08000460   Section        0  stm32g0xx_hal_dma.o(i.HAL_DMA_IRQHandler)
    i.HAL_DMA_Init                           0x08000518   Section        0  stm32g0xx_hal_dma.o(i.HAL_DMA_Init)
    i.HAL_DMA_Start_IT                       0x080005bc   Section        0  stm32g0xx_hal_dma.o(i.HAL_DMA_Start_IT)
    i.HAL_GPIO_Init                          0x08000648   Section        0  stm32g0xx_hal_gpio.o(i.HAL_GPIO_Init)
    i.HAL_GetTick                            0x080007a4   Section        0  stm32g0xx_hal.o(i.HAL_GetTick)
    i.HAL_IncTick                            0x080007b0   Section        0  stm32g0xx_hal.o(i.HAL_IncTick)
    i.HAL_Init                               0x080007c0   Section        0  stm32g0xx_hal.o(i.HAL_Init)
    i.HAL_InitTick                           0x080007e8   Section        0  stm32g0xx_hal.o(i.HAL_InitTick)
    i.HAL_MspInit                            0x08000830   Section        0  stm32g0xx_hal_msp.o(i.HAL_MspInit)
    i.HAL_NVIC_EnableIRQ                     0x0800085c   Section        0  stm32g0xx_hal_cortex.o(i.HAL_NVIC_EnableIRQ)
    i.HAL_NVIC_SetPriority                   0x08000874   Section        0  stm32g0xx_hal_cortex.o(i.HAL_NVIC_SetPriority)
    i.HAL_SPI_ErrorCallback                  0x0800087c   Section        0  stm32g0xx_hal_spi.o(i.HAL_SPI_ErrorCallback)
    i.HAL_SPI_Init                           0x0800087e   Section        0  stm32g0xx_hal_spi.o(i.HAL_SPI_Init)
    i.HAL_SPI_MspInit                        0x0800096c   Section        0  stm32g0xx_hal_msp.o(i.HAL_SPI_MspInit)
    i.HAL_SPI_RxCpltCallback                 0x08000a68   Section        0  stm32g0xx_hal_spi.o(i.HAL_SPI_RxCpltCallback)
    i.HAL_SPI_RxHalfCpltCallback             0x08000a6a   Section        0  stm32g0xx_hal_spi.o(i.HAL_SPI_RxHalfCpltCallback)
    i.HAL_SPI_TransmitReceive_DMA            0x08000a6c   Section        0  stm32g0xx_hal_spi.o(i.HAL_SPI_TransmitReceive_DMA)
    i.HAL_SPI_TxRxCpltCallback               0x08000c1c   Section        0  stm32g0xx_hal_spi.o(i.HAL_SPI_TxRxCpltCallback)
    i.HAL_SPI_TxRxHalfCpltCallback           0x08000c1e   Section        0  stm32g0xx_hal_spi.o(i.HAL_SPI_TxRxHalfCpltCallback)
    i.HAL_SYSTICK_Config                     0x08000c20   Section        0  stm32g0xx_hal_cortex.o(i.HAL_SYSTICK_Config)
    i.HardFault_Handler                      0x08000c50   Section        0  stm32g0xx_it.o(i.HardFault_Handler)
    i.LL_ADC_Init                            0x08000c54   Section        0  stm32g0xx_ll_adc.o(i.LL_ADC_Init)
    i.LL_ADC_REG_Init                        0x08000c8c   Section        0  stm32g0xx_ll_adc.o(i.LL_ADC_REG_Init)
    i.LL_ADC_REG_SetSequencerRanks           0x08000cf0   Section        0  main.o(i.LL_ADC_REG_SetSequencerRanks)
    LL_ADC_REG_SetSequencerRanks             0x08000cf1   Thumb Code    26  main.o(i.LL_ADC_REG_SetSequencerRanks)
    i.LL_ADC_SetChannelSamplingTime          0x08000d0a   Section        0  main.o(i.LL_ADC_SetChannelSamplingTime)
    LL_ADC_SetChannelSamplingTime            0x08000d0b   Thumb Code    18  main.o(i.LL_ADC_SetChannelSamplingTime)
    i.LL_ADC_SetSamplingTimeCommonChannels   0x08000d1c   Section        0  main.o(i.LL_ADC_SetSamplingTimeCommonChannels)
    LL_ADC_SetSamplingTimeCommonChannels     0x08000d1d   Thumb Code    22  main.o(i.LL_ADC_SetSamplingTimeCommonChannels)
    i.LL_GPIO_Init                           0x08000d32   Section        0  stm32g0xx_ll_gpio.o(i.LL_GPIO_Init)
    i.LL_IOP_GRP1_EnableClock                0x08000de0   Section        0  main.o(i.LL_IOP_GRP1_EnableClock)
    LL_IOP_GRP1_EnableClock                  0x08000de1   Thumb Code    18  main.o(i.LL_IOP_GRP1_EnableClock)
    i.LL_SetSystemCoreClock                  0x08000df8   Section        0  stm32g0xx_ll_utils.o(i.LL_SetSystemCoreClock)
    i.LL_TIM_Init                            0x08000e04   Section        0  stm32g0xx_ll_tim.o(i.LL_TIM_Init)
    i.LL_TIM_OC_DisableFast                  0x08000e7c   Section        0  main.o(i.LL_TIM_OC_DisableFast)
    LL_TIM_OC_DisableFast                    0x08000e7d   Thumb Code   106  main.o(i.LL_TIM_OC_DisableFast)
    i.LL_TIM_OC_EnablePreload                0x08000eec   Section        0  main.o(i.LL_TIM_OC_EnablePreload)
    LL_TIM_OC_EnablePreload                  0x08000eed   Thumb Code   106  main.o(i.LL_TIM_OC_EnablePreload)
    i.LL_TIM_OC_Init                         0x08000f5c   Section        0  stm32g0xx_ll_tim.o(i.LL_TIM_OC_Init)
    i.MX_ADC1_Init                           0x080010c0   Section        0  main.o(i.MX_ADC1_Init)
    MX_ADC1_Init                             0x080010c1   Thumb Code   624  main.o(i.MX_ADC1_Init)
    i.MX_DMA_Init                            0x08001364   Section        0  main.o(i.MX_DMA_Init)
    MX_DMA_Init                              0x08001365   Thumb Code    56  main.o(i.MX_DMA_Init)
    i.MX_GPIO_Init                           0x080013a8   Section        0  main.o(i.MX_GPIO_Init)
    MX_GPIO_Init                             0x080013a9   Thumb Code   184  main.o(i.MX_GPIO_Init)
    i.MX_SPI2_Init                           0x08001468   Section        0  main.o(i.MX_SPI2_Init)
    MX_SPI2_Init                             0x08001469   Thumb Code    66  main.o(i.MX_SPI2_Init)
    i.MX_TIM3_Init                           0x080014b4   Section        0  main.o(i.MX_TIM3_Init)
    MX_TIM3_Init                             0x080014b5   Thumb Code   226  main.o(i.MX_TIM3_Init)
    i.NMI_Handler                            0x080015ac   Section        0  stm32g0xx_it.o(i.NMI_Handler)
    i.OC1Config                              0x080015b0   Section        0  stm32g0xx_ll_tim.o(i.OC1Config)
    OC1Config                                0x080015b1   Thumb Code   118  stm32g0xx_ll_tim.o(i.OC1Config)
    i.OC2Config                              0x08001638   Section        0  stm32g0xx_ll_tim.o(i.OC2Config)
    OC2Config                                0x08001639   Thumb Code   126  stm32g0xx_ll_tim.o(i.OC2Config)
    i.OC3Config                              0x080016c8   Section        0  stm32g0xx_ll_tim.o(i.OC3Config)
    OC3Config                                0x080016c9   Thumb Code   128  stm32g0xx_ll_tim.o(i.OC3Config)
    i.PendSV_Handler                         0x08001758   Section        0  stm32g0xx_it.o(i.PendSV_Handler)
    i.SPI_DMAError                           0x0800175a   Section        0  stm32g0xx_hal_spi.o(i.SPI_DMAError)
    SPI_DMAError                             0x0800175b   Thumb Code    34  stm32g0xx_hal_spi.o(i.SPI_DMAError)
    i.SPI_DMAHalfReceiveCplt                 0x0800177c   Section        0  stm32g0xx_hal_spi.o(i.SPI_DMAHalfReceiveCplt)
    SPI_DMAHalfReceiveCplt                   0x0800177d   Thumb Code    10  stm32g0xx_hal_spi.o(i.SPI_DMAHalfReceiveCplt)
    i.SPI_DMAHalfTransmitReceiveCplt         0x08001786   Section        0  stm32g0xx_hal_spi.o(i.SPI_DMAHalfTransmitReceiveCplt)
    SPI_DMAHalfTransmitReceiveCplt           0x08001787   Thumb Code    10  stm32g0xx_hal_spi.o(i.SPI_DMAHalfTransmitReceiveCplt)
    i.SPI_DMAReceiveCplt                     0x08001790   Section        0  stm32g0xx_hal_spi.o(i.SPI_DMAReceiveCplt)
    SPI_DMAReceiveCplt                       0x08001791   Thumb Code   112  stm32g0xx_hal_spi.o(i.SPI_DMAReceiveCplt)
    i.SPI_DMATransmitReceiveCplt             0x08001800   Section        0  stm32g0xx_hal_spi.o(i.SPI_DMATransmitReceiveCplt)
    SPI_DMATransmitReceiveCplt               0x08001801   Thumb Code    94  stm32g0xx_hal_spi.o(i.SPI_DMATransmitReceiveCplt)
    i.SPI_EndRxTransaction                   0x0800185e   Section        0  stm32g0xx_hal_spi.o(i.SPI_EndRxTransaction)
    SPI_EndRxTransaction                     0x0800185f   Thumb Code   120  stm32g0xx_hal_spi.o(i.SPI_EndRxTransaction)
    i.SPI_EndRxTxTransaction                 0x080018d6   Section        0  stm32g0xx_hal_spi.o(i.SPI_EndRxTxTransaction)
    SPI_EndRxTxTransaction                   0x080018d7   Thumb Code    76  stm32g0xx_hal_spi.o(i.SPI_EndRxTxTransaction)
    i.SPI_WaitFifoStateUntilTimeout          0x08001924   Section        0  stm32g0xx_hal_spi.o(i.SPI_WaitFifoStateUntilTimeout)
    SPI_WaitFifoStateUntilTimeout            0x08001925   Thumb Code   212  stm32g0xx_hal_spi.o(i.SPI_WaitFifoStateUntilTimeout)
    i.SPI_WaitFlagStateUntilTimeout          0x080019fc   Section        0  stm32g0xx_hal_spi.o(i.SPI_WaitFlagStateUntilTimeout)
    SPI_WaitFlagStateUntilTimeout            0x080019fd   Thumb Code   180  stm32g0xx_hal_spi.o(i.SPI_WaitFlagStateUntilTimeout)
    i.SVC_Handler                            0x08001ab4   Section        0  stm32g0xx_it.o(i.SVC_Handler)
    i.SysTick_Handler                        0x08001ab6   Section        0  stm32g0xx_it.o(i.SysTick_Handler)
    i.SystemClock_Config                     0x08001ac0   Section        0  main.o(i.SystemClock_Config)
    i.SystemInit                             0x08001b28   Section        0  system_stm32g0xx.o(i.SystemInit)
    i.__NVIC_SetPriority                     0x08001b2c   Section        0  stm32g0xx_hal_cortex.o(i.__NVIC_SetPriority)
    __NVIC_SetPriority                       0x08001b2d   Thumb Code    60  stm32g0xx_hal_cortex.o(i.__NVIC_SetPriority)
    i.main                                   0x08001b70   Section        0  main.o(i.main)
    .constdata                               0x08001bd8   Section       23  main.o(.constdata)
    CHANNEL_OFFSET_TAB                       0x08001bd8   Data           5  main.o(.constdata)
    OFFSET_TAB_CCMRx                         0x08001bdd   Data           9  main.o(.constdata)
    SHIFT_TAB_OCxx                           0x08001be6   Data           9  main.o(.constdata)
    .data                                    0x20000000   Section       12  stm32g0xx_hal.o(.data)
    .data                                    0x2000000c   Section        4  system_stm32g0xx.o(.data)
    .bss                                     0x20000010   Section      164  main.o(.bss)
    .bss                                     0x200000b4   Section       92  main.o(.bss)
    .bss                                     0x20000110   Section       92  main.o(.bss)
    .bss                                     0x2000016c   Section       96  libspace.o(.bss)
    HEAP                                     0x200001d0   Section      512  startup_stm32g030xx.o(HEAP)
    Heap_Mem                                 0x200001d0   Data         512  startup_stm32g030xx.o(HEAP)
    STACK                                    0x200003d0   Section     1024  startup_stm32g030xx.o(STACK)
    Stack_Mem                                0x200003d0   Data        1024  startup_stm32g030xx.o(STACK)
    __initial_sp                             0x200007d0   Data           0  startup_stm32g030xx.o(STACK)

    Global Symbols

    Symbol Name                              Value     Ov Type        Size  Object(Section)

    BuildAttributes$$THM_ISAv3M$S$PE$A:L22$X:L11$S22$IEEE1$IW$USESV6$~STKCKD$USESV7$~SHL$OSPACE$ROPI$EBA8$UX$STANDARDLIB$REQ8$PRES8$EABIv2 0x00000000   Number         0  anon$$obj.o ABSOLUTE
    __ARM_use_no_argv                        0x00000000   Number         0  main.o ABSOLUTE
    __ARM_exceptions_init                     - Undefined Weak Reference
    __alloca_initialize                       - Undefined Weak Reference
    __arm_fini_                               - Undefined Weak Reference
    __arm_preinit_                            - Undefined Weak Reference
    __cpp_initialize__aeabi_                  - Undefined Weak Reference
    __cxa_finalize                            - Undefined Weak Reference
    __rt_locale                               - Undefined Weak Reference
    __sigvec_lookup                           - Undefined Weak Reference
    _atexit_init                              - Undefined Weak Reference
    _call_atexit_fns                          - Undefined Weak Reference
    _clock_init                               - Undefined Weak Reference
    _fp_trap_init                             - Undefined Weak Reference
    _fp_trap_shutdown                         - Undefined Weak Reference
    _get_lc_collate                           - Undefined Weak Reference
    _get_lc_ctype                             - Undefined Weak Reference
    _get_lc_monetary                          - Undefined Weak Reference
    _get_lc_numeric                           - Undefined Weak Reference
    _get_lc_time                              - Undefined Weak Reference
    _getenv_init                              - Undefined Weak Reference
    _handle_redirection                       - Undefined Weak Reference
    _init_alloc                               - Undefined Weak Reference
    _init_user_alloc                          - Undefined Weak Reference
    _initio                                   - Undefined Weak Reference
    _rand_init                                - Undefined Weak Reference
    _signal_finish                            - Undefined Weak Reference
    _signal_init                              - Undefined Weak Reference
    _terminate_alloc                          - Undefined Weak Reference
    _terminate_user_alloc                     - Undefined Weak Reference
    _terminateio                              - Undefined Weak Reference
    __Vectors_Size                           0x000000c0   Number         0  startup_stm32g030xx.o ABSOLUTE
    __Vectors                                0x08000000   Data           4  startup_stm32g030xx.o(RESET)
    __Vectors_End                            0x080000c0   Data           0  startup_stm32g030xx.o(RESET)
    __main                                   0x080000c1   Thumb Code     8  __main.o(!!!main)
    __scatterload                            0x080000c9   Thumb Code     0  __scatter.o(!!!scatter)
    __scatterload_rt2                        0x080000c9   Thumb Code    52  __scatter.o(!!!scatter)
    __scatterload_rt2_thumb_only             0x080000c9   Thumb Code     0  __scatter.o(!!!scatter)
    __scatterload_null                       0x080000d9   Thumb Code     0  __scatter.o(!!!scatter)
    __scatterload_copy                       0x08000105   Thumb Code    26  __scatter_copy.o(!!handler_copy)
    __scatterload_zeroinit                   0x08000121   Thumb Code    28  __scatter_zi.o(!!handler_zi)
    __rt_lib_init                            0x0800013d   Thumb Code     0  libinit.o(.ARM.Collect$$libinit$$00000000)
    __rt_lib_init_alloca_1                   0x0800013f   Thumb Code     0  libinit2.o(.ARM.Collect$$libinit$$0000002E)
    __rt_lib_init_argv_1                     0x0800013f   Thumb Code     0  libinit2.o(.ARM.Collect$$libinit$$0000002C)
    __rt_lib_init_atexit_1                   0x0800013f   Thumb Code     0  libinit2.o(.ARM.Collect$$libinit$$0000001B)
    __rt_lib_init_clock_1                    0x0800013f   Thumb Code     0  libinit2.o(.ARM.Collect$$libinit$$00000021)
    __rt_lib_init_cpp_1                      0x0800013f   Thumb Code     0  libinit2.o(.ARM.Collect$$libinit$$00000032)
    __rt_lib_init_exceptions_1               0x0800013f   Thumb Code     0  libinit2.o(.ARM.Collect$$libinit$$00000030)
    __rt_lib_init_fp_1                       0x0800013f   Thumb Code     0  libinit2.o(.ARM.Collect$$libinit$$00000002)
    __rt_lib_init_fp_trap_1                  0x0800013f   Thumb Code     0  libinit2.o(.ARM.Collect$$libinit$$0000001F)
    __rt_lib_init_getenv_1                   0x0800013f   Thumb Code     0  libinit2.o(.ARM.Collect$$libinit$$00000023)
    __rt_lib_init_heap_1                     0x0800013f   Thumb Code     0  libinit2.o(.ARM.Collect$$libinit$$0000000A)
    __rt_lib_init_lc_collate_1               0x0800013f   Thumb Code     0  libinit2.o(.ARM.Collect$$libinit$$00000011)
    __rt_lib_init_lc_ctype_1                 0x0800013f   Thumb Code     0  libinit2.o(.ARM.Collect$$libinit$$00000013)
    __rt_lib_init_lc_monetary_1              0x0800013f   Thumb Code     0  libinit2.o(.ARM.Collect$$libinit$$00000015)
    __rt_lib_init_lc_numeric_1               0x0800013f   Thumb Code     0  libinit2.o(.ARM.Collect$$libinit$$00000017)
    __rt_lib_init_lc_time_1                  0x0800013f   Thumb Code     0  libinit2.o(.ARM.Collect$$libinit$$00000019)
    __rt_lib_init_preinit_1                  0x0800013f   Thumb Code     0  libinit2.o(.ARM.Collect$$libinit$$00000004)
    __rt_lib_init_rand_1                     0x0800013f   Thumb Code     0  libinit2.o(.ARM.Collect$$libinit$$0000000E)
    __rt_lib_init_return                     0x0800013f   Thumb Code     0  libinit2.o(.ARM.Collect$$libinit$$00000033)
    __rt_lib_init_signal_1                   0x0800013f   Thumb Code     0  libinit2.o(.ARM.Collect$$libinit$$0000001D)
    __rt_lib_init_stdio_1                    0x0800013f   Thumb Code     0  libinit2.o(.ARM.Collect$$libinit$$00000025)
    __rt_lib_init_user_alloc_1               0x0800013f   Thumb Code     0  libinit2.o(.ARM.Collect$$libinit$$0000000C)
    __rt_lib_shutdown                        0x08000141   Thumb Code     0  libshutdown.o(.ARM.Collect$$libshutdown$$00000000)
    __rt_lib_shutdown_cpp_1                  0x08000143   Thumb Code     0  libshutdown2.o(.ARM.Collect$$libshutdown$$00000004)
    __rt_lib_shutdown_fini_1                 0x08000143   Thumb Code     0  libshutdown2.o(.ARM.Collect$$libshutdown$$00000002)
    __rt_lib_shutdown_fp_trap_1              0x08000143   Thumb Code     0  libshutdown2.o(.ARM.Collect$$libshutdown$$00000009)
    __rt_lib_shutdown_heap_1                 0x08000143   Thumb Code     0  libshutdown2.o(.ARM.Collect$$libshutdown$$00000011)
    __rt_lib_shutdown_return                 0x08000143   Thumb Code     0  libshutdown2.o(.ARM.Collect$$libshutdown$$00000012)
    __rt_lib_shutdown_signal_1               0x08000143   Thumb Code     0  libshutdown2.o(.ARM.Collect$$libshutdown$$0000000C)
    __rt_lib_shutdown_stdio_1                0x08000143   Thumb Code     0  libshutdown2.o(.ARM.Collect$$libshutdown$$00000006)
    __rt_lib_shutdown_user_alloc_1           0x08000143   Thumb Code     0  libshutdown2.o(.ARM.Collect$$libshutdown$$0000000E)
    __rt_entry                               0x08000145   Thumb Code     0  __rtentry.o(.ARM.Collect$$rtentry$$00000000)
    __rt_entry_presh_1                       0x08000145   Thumb Code     0  __rtentry2.o(.ARM.Collect$$rtentry$$00000002)
    __rt_entry_sh                            0x08000145   Thumb Code     0  __rtentry4.o(.ARM.Collect$$rtentry$$00000004)
    __rt_entry_li                            0x0800014b   Thumb Code     0  __rtentry2.o(.ARM.Collect$$rtentry$$0000000A)
    __rt_entry_postsh_1                      0x0800014b   Thumb Code     0  __rtentry2.o(.ARM.Collect$$rtentry$$00000009)
    __rt_entry_main                          0x0800014f   Thumb Code     0  __rtentry2.o(.ARM.Collect$$rtentry$$0000000D)
    __rt_entry_postli_1                      0x0800014f   Thumb Code     0  __rtentry2.o(.ARM.Collect$$rtentry$$0000000C)
    __rt_exit                                0x08000157   Thumb Code     0  rtexit.o(.ARM.Collect$$rtexit$$00000000)
    __rt_exit_ls                             0x08000159   Thumb Code     0  rtexit2.o(.ARM.Collect$$rtexit$$00000003)
    __rt_exit_prels_1                        0x08000159   Thumb Code     0  rtexit2.o(.ARM.Collect$$rtexit$$00000002)
    __rt_exit_exit                           0x0800015d   Thumb Code     0  rtexit2.o(.ARM.Collect$$rtexit$$00000004)
    Reset_Handler                            0x08000165   Thumb Code     8  startup_stm32g030xx.o(.text)
    ADC1_IRQHandler                          0x08000177   Thumb Code     0  startup_stm32g030xx.o(.text)
    DMA1_Ch4_5_DMAMUX1_OVR_IRQHandler        0x08000177   Thumb Code     0  startup_stm32g030xx.o(.text)
    EXTI0_1_IRQHandler                       0x08000177   Thumb Code     0  startup_stm32g030xx.o(.text)
    EXTI2_3_IRQHandler                       0x08000177   Thumb Code     0  startup_stm32g030xx.o(.text)
    EXTI4_15_IRQHandler                      0x08000177   Thumb Code     0  startup_stm32g030xx.o(.text)
    FLASH_IRQHandler                         0x08000177   Thumb Code     0  startup_stm32g030xx.o(.text)
    I2C1_IRQHandler                          0x08000177   Thumb Code     0  startup_stm32g030xx.o(.text)
    I2C2_IRQHandler                          0x08000177   Thumb Code     0  startup_stm32g030xx.o(.text)
    RCC_IRQHandler                           0x08000177   Thumb Code     0  startup_stm32g030xx.o(.text)
    RTC_TAMP_IRQHandler                      0x08000177   Thumb Code     0  startup_stm32g030xx.o(.text)
    SPI1_IRQHandler                          0x08000177   Thumb Code     0  startup_stm32g030xx.o(.text)
    SPI2_IRQHandler                          0x08000177   Thumb Code     0  startup_stm32g030xx.o(.text)
    TIM14_IRQHandler                         0x08000177   Thumb Code     0  startup_stm32g030xx.o(.text)
    TIM16_IRQHandler                         0x08000177   Thumb Code     0  startup_stm32g030xx.o(.text)
    TIM17_IRQHandler                         0x08000177   Thumb Code     0  startup_stm32g030xx.o(.text)
    TIM1_BRK_UP_TRG_COM_IRQHandler           0x08000177   Thumb Code     0  startup_stm32g030xx.o(.text)
    TIM1_CC_IRQHandler                       0x08000177   Thumb Code     0  startup_stm32g030xx.o(.text)
    TIM3_IRQHandler                          0x08000177   Thumb Code     0  startup_stm32g030xx.o(.text)
    USART1_IRQHandler                        0x08000177   Thumb Code     0  startup_stm32g030xx.o(.text)
    USART2_IRQHandler                        0x08000177   Thumb Code     0  startup_stm32g030xx.o(.text)
    WWDG_IRQHandler                          0x08000177   Thumb Code     0  startup_stm32g030xx.o(.text)
    __user_initial_stackheap                 0x08000179   Thumb Code     0  startup_stm32g030xx.o(.text)
    _memset_w                                0x0800019d   Thumb Code    26  rt_memclr.o(.text)
    _memset                                  0x080001b7   Thumb Code    30  rt_memclr.o(.text)
    __aeabi_memclr                           0x080001d5   Thumb Code     4  rt_memclr.o(.text)
    __rt_memclr                              0x080001d5   Thumb Code     0  rt_memclr.o(.text)
    __aeabi_memclr4                          0x080001d9   Thumb Code     0  rt_memclr.o(.text)
    __aeabi_memclr8                          0x080001d9   Thumb Code     0  rt_memclr.o(.text)
    __rt_memclr_w                            0x080001d9   Thumb Code     4  rt_memclr.o(.text)
    __aeabi_uidiv                            0x080001dd   Thumb Code     0  aeabi_sdiv.o(.text)
    __aeabi_uidivmod                         0x080001dd   Thumb Code    20  aeabi_sdiv.o(.text)
    __aeabi_idiv                             0x080001f1   Thumb Code     0  aeabi_sdiv.o(.text)
    __aeabi_idivmod                          0x080001f1   Thumb Code   326  aeabi_sdiv.o(.text)
    __use_two_region_memory                  0x08000337   Thumb Code     2  heapauxi.o(.text)
    __rt_heap_escrow$2region                 0x08000339   Thumb Code     2  heapauxi.o(.text)
    __rt_heap_expand$2region                 0x0800033b   Thumb Code     2  heapauxi.o(.text)
    __user_setup_stackheap                   0x0800033d   Thumb Code    62  sys_stackheap_outer.o(.text)
    exit                                     0x0800037b   Thumb Code    16  exit.o(.text)
    __user_libspace                          0x0800038d   Thumb Code     8  libspace.o(.text)
    __user_perproc_libspace                  0x0800038d   Thumb Code     0  libspace.o(.text)
    __user_perthread_libspace                0x0800038d   Thumb Code     0  libspace.o(.text)
    _sys_exit                                0x08000395   Thumb Code     8  sys_exit.o(.text)
    __I$use$semihosting                      0x080003a1   Thumb Code     0  use_no_semi.o(.text)
    __use_no_semihosting_swi                 0x080003a1   Thumb Code     2  use_no_semi.o(.text)
    DMA1_Channel1_IRQHandler                 0x080003a3   Thumb Code     2  stm32g0xx_it.o(i.DMA1_Channel1_IRQHandler)
    __semihosting_library_function           0x080003a3   Thumb Code     0  indicate_semi.o(.text)
    DMA1_Channel2_3_IRQHandler               0x080003a5   Thumb Code    16  stm32g0xx_it.o(i.DMA1_Channel2_3_IRQHandler)
    Error_Handler                            0x0800045d   Thumb Code     4  main.o(i.Error_Handler)
    HAL_DMA_IRQHandler                       0x08000461   Thumb Code   180  stm32g0xx_hal_dma.o(i.HAL_DMA_IRQHandler)
    HAL_DMA_Init                             0x08000519   Thumb Code   156  stm32g0xx_hal_dma.o(i.HAL_DMA_Init)
    HAL_DMA_Start_IT                         0x080005bd   Thumb Code   136  stm32g0xx_hal_dma.o(i.HAL_DMA_Start_IT)
    HAL_GPIO_Init                            0x08000649   Thumb Code   330  stm32g0xx_hal_gpio.o(i.HAL_GPIO_Init)
    HAL_GetTick                              0x080007a5   Thumb Code     6  stm32g0xx_hal.o(i.HAL_GetTick)
    HAL_IncTick                              0x080007b1   Thumb Code    12  stm32g0xx_hal.o(i.HAL_IncTick)
    HAL_Init                                 0x080007c1   Thumb Code    36  stm32g0xx_hal.o(i.HAL_Init)
    HAL_InitTick                             0x080007e9   Thumb Code    64  stm32g0xx_hal.o(i.HAL_InitTick)
    HAL_MspInit                              0x08000831   Thumb Code    38  stm32g0xx_hal_msp.o(i.HAL_MspInit)
    HAL_NVIC_EnableIRQ                       0x0800085d   Thumb Code    18  stm32g0xx_hal_cortex.o(i.HAL_NVIC_EnableIRQ)
    HAL_NVIC_SetPriority                     0x08000875   Thumb Code     8  stm32g0xx_hal_cortex.o(i.HAL_NVIC_SetPriority)
    HAL_SPI_ErrorCallback                    0x0800087d   Thumb Code     2  stm32g0xx_hal_spi.o(i.HAL_SPI_ErrorCallback)
    HAL_SPI_Init                             0x0800087f   Thumb Code   238  stm32g0xx_hal_spi.o(i.HAL_SPI_Init)
    HAL_SPI_MspInit                          0x0800096d   Thumb Code   228  stm32g0xx_hal_msp.o(i.HAL_SPI_MspInit)
    HAL_SPI_RxCpltCallback                   0x08000a69   Thumb Code     2  stm32g0xx_hal_spi.o(i.HAL_SPI_RxCpltCallback)
    HAL_SPI_RxHalfCpltCallback               0x08000a6b   Thumb Code     2  stm32g0xx_hal_spi.o(i.HAL_SPI_RxHalfCpltCallback)
    HAL_SPI_TransmitReceive_DMA              0x08000a6d   Thumb Code   402  stm32g0xx_hal_spi.o(i.HAL_SPI_TransmitReceive_DMA)
    HAL_SPI_TxRxCpltCallback                 0x08000c1d   Thumb Code     2  stm32g0xx_hal_spi.o(i.HAL_SPI_TxRxCpltCallback)
    HAL_SPI_TxRxHalfCpltCallback             0x08000c1f   Thumb Code     2  stm32g0xx_hal_spi.o(i.HAL_SPI_TxRxHalfCpltCallback)
    HAL_SYSTICK_Config                       0x08000c21   Thumb Code    38  stm32g0xx_hal_cortex.o(i.HAL_SYSTICK_Config)
    HardFault_Handler                        0x08000c51   Thumb Code     2  stm32g0xx_it.o(i.HardFault_Handler)
    LL_ADC_Init                              0x08000c55   Thumb Code    52  stm32g0xx_ll_adc.o(i.LL_ADC_Init)
    LL_ADC_REG_Init                          0x08000c8d   Thumb Code    96  stm32g0xx_ll_adc.o(i.LL_ADC_REG_Init)
    LL_GPIO_Init                             0x08000d33   Thumb Code   172  stm32g0xx_ll_gpio.o(i.LL_GPIO_Init)
    LL_SetSystemCoreClock                    0x08000df9   Thumb Code     6  stm32g0xx_ll_utils.o(i.LL_SetSystemCoreClock)
    LL_TIM_Init                              0x08000e05   Thumb Code    98  stm32g0xx_ll_tim.o(i.LL_TIM_Init)
    LL_TIM_OC_Init                           0x08000f5d   Thumb Code   336  stm32g0xx_ll_tim.o(i.LL_TIM_OC_Init)
    NMI_Handler                              0x080015ad   Thumb Code     2  stm32g0xx_it.o(i.NMI_Handler)
    PendSV_Handler                           0x08001759   Thumb Code     2  stm32g0xx_it.o(i.PendSV_Handler)
    SVC_Handler                              0x08001ab5   Thumb Code     2  stm32g0xx_it.o(i.SVC_Handler)
    SysTick_Handler                          0x08001ab7   Thumb Code     8  stm32g0xx_it.o(i.SysTick_Handler)
    SystemClock_Config                       0x08001ac1   Thumb Code    94  main.o(i.SystemClock_Config)
    SystemInit                               0x08001b29   Thumb Code     2  system_stm32g0xx.o(i.SystemInit)
    main                                     0x08001b71   Thumb Code    90  main.o(i.main)
    Region$$Table$$Base                      0x08001bf0   Number         0  anon$$obj.o(Region$$Table)
    Region$$Table$$Limit                     0x08001c10   Number         0  anon$$obj.o(Region$$Table)
    uwTickFreq                               0x20000000   Data           1  stm32g0xx_hal.o(.data)
    uwTickPrio                               0x20000004   Data           4  stm32g0xx_hal.o(.data)
    uwTick                                   0x20000008   Data           4  stm32g0xx_hal.o(.data)
    SystemCoreClock                          0x2000000c   Data           4  system_stm32g0xx.o(.data)
    hspi2                                    0x20000010   Data         100  main.o(.bss)
    SPI_RX_buf                               0x20000074   Data          32  main.o(.bss)
    SPI_TX_buf                               0x20000094   Data          32  main.o(.bss)
    hdma_spi2_rx                             0x200000b4   Data          92  main.o(.bss)
    hdma_spi2_tx                             0x20000110   Data          92  main.o(.bss)
    __libspace_start                         0x2000016c   Data          96  libspace.o(.bss)
    __temporary_stack_top$libspace           0x200001cc   Data           0  libspace.o(.bss)



==============================================================================

Memory Map of the image

  Image Entry point : 0x080000c1

  Load Region LR_IROM1 (Base: 0x08000000, Size: 0x00001c20, Max: 0x00010000, ABSOLUTE)

    Execution Region ER_IROM1 (Exec base: 0x08000000, Load base: 0x08000000, Size: 0x00001c10, Max: 0x00010000, ABSOLUTE)

    Exec Addr    Load Addr    Size         Type   Attr      Idx    E Section Name        Object

    0x08000000   0x08000000   0x000000c0   Data   RO            3    RESET               startup_stm32g030xx.o
    0x080000c0   0x080000c0   0x00000008   Code   RO         2372  * !!!main             c_p.l(__main.o)
    0x080000c8   0x080000c8   0x0000003c   Code   RO         2543    !!!scatter          c_p.l(__scatter.o)
    0x08000104   0x08000104   0x0000001a   Code   RO         2545    !!handler_copy      c_p.l(__scatter_copy.o)
    0x0800011e   0x0800011e   0x00000002   PAD
    0x08000120   0x08000120   0x0000001c   Code   RO         2547    !!handler_zi        c_p.l(__scatter_zi.o)
    0x0800013c   0x0800013c   0x00000002   Code   RO         2410    .ARM.Collect$$libinit$$00000000  c_p.l(libinit.o)
    0x0800013e   0x0800013e   0x00000000   Code   RO         2424    .ARM.Collect$$libinit$$00000002  c_p.l(libinit2.o)
    0x0800013e   0x0800013e   0x00000000   Code   RO         2426    .ARM.Collect$$libinit$$00000004  c_p.l(libinit2.o)
    0x0800013e   0x0800013e   0x00000000   Code   RO         2429    .ARM.Collect$$libinit$$0000000A  c_p.l(libinit2.o)
    0x0800013e   0x0800013e   0x00000000   Code   RO         2431    .ARM.Collect$$libinit$$0000000C  c_p.l(libinit2.o)
    0x0800013e   0x0800013e   0x00000000   Code   RO         2433    .ARM.Collect$$libinit$$0000000E  c_p.l(libinit2.o)
    0x0800013e   0x0800013e   0x00000000   Code   RO         2436    .ARM.Collect$$libinit$$00000011  c_p.l(libinit2.o)
    0x0800013e   0x0800013e   0x00000000   Code   RO         2438    .ARM.Collect$$libinit$$00000013  c_p.l(libinit2.o)
    0x0800013e   0x0800013e   0x00000000   Code   RO         2440    .ARM.Collect$$libinit$$00000015  c_p.l(libinit2.o)
    0x0800013e   0x0800013e   0x00000000   Code   RO         2442    .ARM.Collect$$libinit$$00000017  c_p.l(libinit2.o)
    0x0800013e   0x0800013e   0x00000000   Code   RO         2444    .ARM.Collect$$libinit$$00000019  c_p.l(libinit2.o)
    0x0800013e   0x0800013e   0x00000000   Code   RO         2446    .ARM.Collect$$libinit$$0000001B  c_p.l(libinit2.o)
    0x0800013e   0x0800013e   0x00000000   Code   RO         2448    .ARM.Collect$$libinit$$0000001D  c_p.l(libinit2.o)
    0x0800013e   0x0800013e   0x00000000   Code   RO         2450    .ARM.Collect$$libinit$$0000001F  c_p.l(libinit2.o)
    0x0800013e   0x0800013e   0x00000000   Code   RO         2452    .ARM.Collect$$libinit$$00000021  c_p.l(libinit2.o)
    0x0800013e   0x0800013e   0x00000000   Code   RO         2454    .ARM.Collect$$libinit$$00000023  c_p.l(libinit2.o)
    0x0800013e   0x0800013e   0x00000000   Code   RO         2456    .ARM.Collect$$libinit$$00000025  c_p.l(libinit2.o)
    0x0800013e   0x0800013e   0x00000000   Code   RO         2460    .ARM.Collect$$libinit$$0000002C  c_p.l(libinit2.o)
    0x0800013e   0x0800013e   0x00000000   Code   RO         2462    .ARM.Collect$$libinit$$0000002E  c_p.l(libinit2.o)
    0x0800013e   0x0800013e   0x00000000   Code   RO         2464    .ARM.Collect$$libinit$$00000030  c_p.l(libinit2.o)
    0x0800013e   0x0800013e   0x00000000   Code   RO         2466    .ARM.Collect$$libinit$$00000032  c_p.l(libinit2.o)
    0x0800013e   0x0800013e   0x00000002   Code   RO         2467    .ARM.Collect$$libinit$$00000033  c_p.l(libinit2.o)
    0x08000140   0x08000140   0x00000002   Code   RO         2498    .ARM.Collect$$libshutdown$$00000000  c_p.l(libshutdown.o)
    0x08000142   0x08000142   0x00000000   Code   RO         2524    .ARM.Collect$$libshutdown$$00000002  c_p.l(libshutdown2.o)
    0x08000142   0x08000142   0x00000000   Code   RO         2526    .ARM.Collect$$libshutdown$$00000004  c_p.l(libshutdown2.o)
    0x08000142   0x08000142   0x00000000   Code   RO         2528    .ARM.Collect$$libshutdown$$00000006  c_p.l(libshutdown2.o)
    0x08000142   0x08000142   0x00000000   Code   RO         2531    .ARM.Collect$$libshutdown$$00000009  c_p.l(libshutdown2.o)
    0x08000142   0x08000142   0x00000000   Code   RO         2534    .ARM.Collect$$libshutdown$$0000000C  c_p.l(libshutdown2.o)
    0x08000142   0x08000142   0x00000000   Code   RO         2536    .ARM.Collect$$libshutdown$$0000000E  c_p.l(libshutdown2.o)
    0x08000142   0x08000142   0x00000000   Code   RO         2539    .ARM.Collect$$libshutdown$$00000011  c_p.l(libshutdown2.o)
    0x08000142   0x08000142   0x00000002   Code   RO         2540    .ARM.Collect$$libshutdown$$00000012  c_p.l(libshutdown2.o)
    0x08000144   0x08000144   0x00000000   Code   RO         2374    .ARM.Collect$$rtentry$$00000000  c_p.l(__rtentry.o)
    0x08000144   0x08000144   0x00000000   Code   RO         2380    .ARM.Collect$$rtentry$$00000002  c_p.l(__rtentry2.o)
    0x08000144   0x08000144   0x00000006   Code   RO         2392    .ARM.Collect$$rtentry$$00000004  c_p.l(__rtentry4.o)
    0x0800014a   0x0800014a   0x00000000   Code   RO         2382    .ARM.Collect$$rtentry$$00000009  c_p.l(__rtentry2.o)
    0x0800014a   0x0800014a   0x00000004   Code   RO         2383    .ARM.Collect$$rtentry$$0000000A  c_p.l(__rtentry2.o)
    0x0800014e   0x0800014e   0x00000000   Code   RO         2385    .ARM.Collect$$rtentry$$0000000C  c_p.l(__rtentry2.o)
    0x0800014e   0x0800014e   0x00000008   Code   RO         2386    .ARM.Collect$$rtentry$$0000000D  c_p.l(__rtentry2.o)
    0x08000156   0x08000156   0x00000002   Code   RO         2415    .ARM.Collect$$rtexit$$00000000  c_p.l(rtexit.o)
    0x08000158   0x08000158   0x00000000   Code   RO         2471    .ARM.Collect$$rtexit$$00000002  c_p.l(rtexit2.o)
    0x08000158   0x08000158   0x00000004   Code   RO         2472    .ARM.Collect$$rtexit$$00000003  c_p.l(rtexit2.o)
    0x0800015c   0x0800015c   0x00000006   Code   RO         2473    .ARM.Collect$$rtexit$$00000004  c_p.l(rtexit2.o)
    0x08000162   0x08000162   0x00000002   PAD
    0x08000164   0x08000164   0x00000038   Code   RO            4    .text               startup_stm32g030xx.o
    0x0800019c   0x0800019c   0x00000040   Code   RO         2364    .text               c_p.l(rt_memclr.o)
    0x080001dc   0x080001dc   0x0000015a   Code   RO         2366    .text               c_p.l(aeabi_sdiv.o)
    0x08000336   0x08000336   0x00000006   Code   RO         2370    .text               c_p.l(heapauxi.o)
    0x0800033c   0x0800033c   0x0000003e   Code   RO         2396    .text               c_p.l(sys_stackheap_outer.o)
    0x0800037a   0x0800037a   0x00000010   Code   RO         2399    .text               c_p.l(exit.o)
    0x0800038a   0x0800038a   0x00000002   PAD
    0x0800038c   0x0800038c   0x00000008   Code   RO         2411    .text               c_p.l(libspace.o)
    0x08000394   0x08000394   0x0000000c   Code   RO         2468    .text               c_p.l(sys_exit.o)
    0x080003a0   0x080003a0   0x00000002   Code   RO         2487    .text               c_p.l(use_no_semi.o)
    0x080003a2   0x080003a2   0x00000000   Code   RO         2489    .text               c_p.l(indicate_semi.o)
    0x080003a2   0x080003a2   0x00000002   Code   RO          232    i.DMA1_Channel1_IRQHandler  stm32g0xx_it.o
    0x080003a4   0x080003a4   0x00000018   Code   RO          233    i.DMA1_Channel2_3_IRQHandler  stm32g0xx_it.o
    0x080003bc   0x080003bc   0x00000030   Code   RO         1107    i.DMA_CalcDMAMUXChannelBaseAndMask  stm32g0xx_hal_dma.o
    0x080003ec   0x080003ec   0x00000028   Code   RO         1108    i.DMA_CalcDMAMUXRequestGenBaseAndMask  stm32g0xx_hal_dma.o
    0x08000414   0x08000414   0x00000048   Code   RO         1109    i.DMA_SetConfig     stm32g0xx_hal_dma.o
    0x0800045c   0x0800045c   0x00000004   Code   RO           12    i.Error_Handler     main.o
    0x08000460   0x08000460   0x000000b8   Code   RO         1115    i.HAL_DMA_IRQHandler  stm32g0xx_hal_dma.o
    0x08000518   0x08000518   0x000000a4   Code   RO         1116    i.HAL_DMA_Init      stm32g0xx_hal_dma.o
    0x080005bc   0x080005bc   0x0000008c   Code   RO         1120    i.HAL_DMA_Start_IT  stm32g0xx_hal_dma.o
    0x08000648   0x08000648   0x0000015c   Code   RO         1043    i.HAL_GPIO_Init     stm32g0xx_hal_gpio.o
    0x080007a4   0x080007a4   0x0000000c   Code   RO         1583    i.HAL_GetTick       stm32g0xx_hal.o
    0x080007b0   0x080007b0   0x00000010   Code   RO         1589    i.HAL_IncTick       stm32g0xx_hal.o
    0x080007c0   0x080007c0   0x00000028   Code   RO         1590    i.HAL_Init          stm32g0xx_hal.o
    0x080007e8   0x080007e8   0x00000048   Code   RO         1591    i.HAL_InitTick      stm32g0xx_hal.o
    0x08000830   0x08000830   0x0000002c   Code   RO          313    i.HAL_MspInit       stm32g0xx_hal_msp.o
    0x0800085c   0x0800085c   0x00000018   Code   RO         1457    i.HAL_NVIC_EnableIRQ  stm32g0xx_hal_cortex.o
    0x08000874   0x08000874   0x00000008   Code   RO         1461    i.HAL_NVIC_SetPriority  stm32g0xx_hal_cortex.o
    0x0800087c   0x0800087c   0x00000002   Code   RO         1843    i.HAL_SPI_ErrorCallback  stm32g0xx_hal_spi.o
    0x0800087e   0x0800087e   0x000000ee   Code   RO         1847    i.HAL_SPI_Init      stm32g0xx_hal_spi.o
    0x0800096c   0x0800096c   0x000000fc   Code   RO          315    i.HAL_SPI_MspInit   stm32g0xx_hal_msp.o
    0x08000a68   0x08000a68   0x00000002   Code   RO         1853    i.HAL_SPI_RxCpltCallback  stm32g0xx_hal_spi.o
    0x08000a6a   0x08000a6a   0x00000002   Code   RO         1854    i.HAL_SPI_RxHalfCpltCallback  stm32g0xx_hal_spi.o
    0x08000a6c   0x08000a6c   0x000001b0   Code   RO         1857    i.HAL_SPI_TransmitReceive_DMA  stm32g0xx_hal_spi.o
    0x08000c1c   0x08000c1c   0x00000002   Code   RO         1863    i.HAL_SPI_TxRxCpltCallback  stm32g0xx_hal_spi.o
    0x08000c1e   0x08000c1e   0x00000002   Code   RO         1864    i.HAL_SPI_TxRxHalfCpltCallback  stm32g0xx_hal_spi.o
    0x08000c20   0x08000c20   0x00000030   Code   RO         1465    i.HAL_SYSTICK_Config  stm32g0xx_hal_cortex.o
    0x08000c50   0x08000c50   0x00000002   Code   RO          234    i.HardFault_Handler  stm32g0xx_it.o
    0x08000c52   0x08000c52   0x00000002   PAD
    0x08000c54   0x08000c54   0x00000038   Code   RO          512    i.LL_ADC_Init       stm32g0xx_ll_adc.o
    0x08000c8c   0x08000c8c   0x00000064   Code   RO          513    i.LL_ADC_REG_Init   stm32g0xx_ll_adc.o
    0x08000cf0   0x08000cf0   0x0000001a   Code   RO           13    i.LL_ADC_REG_SetSequencerRanks  main.o
    0x08000d0a   0x08000d0a   0x00000012   Code   RO           14    i.LL_ADC_SetChannelSamplingTime  main.o
    0x08000d1c   0x08000d1c   0x00000016   Code   RO           15    i.LL_ADC_SetSamplingTimeCommonChannels  main.o
    0x08000d32   0x08000d32   0x000000ac   Code   RO          461    i.LL_GPIO_Init      stm32g0xx_ll_gpio.o
    0x08000dde   0x08000dde   0x00000002   PAD
    0x08000de0   0x08000de0   0x00000018   Code   RO           16    i.LL_IOP_GRP1_EnableClock  main.o
    0x08000df8   0x08000df8   0x0000000c   Code   RO          351    i.LL_SetSystemCoreClock  stm32g0xx_ll_utils.o
    0x08000e04   0x08000e04   0x00000078   Code   RO         2218    i.LL_TIM_Init       stm32g0xx_ll_tim.o
    0x08000e7c   0x08000e7c   0x00000070   Code   RO           17    i.LL_TIM_OC_DisableFast  main.o
    0x08000eec   0x08000eec   0x00000070   Code   RO           18    i.LL_TIM_OC_EnablePreload  main.o
    0x08000f5c   0x08000f5c   0x00000164   Code   RO         2219    i.LL_TIM_OC_Init    stm32g0xx_ll_tim.o
    0x080010c0   0x080010c0   0x000002a4   Code   RO           19    i.MX_ADC1_Init      main.o
    0x08001364   0x08001364   0x00000044   Code   RO           20    i.MX_DMA_Init       main.o
    0x080013a8   0x080013a8   0x000000c0   Code   RO           21    i.MX_GPIO_Init      main.o
    0x08001468   0x08001468   0x0000004c   Code   RO           22    i.MX_SPI2_Init      main.o
    0x080014b4   0x080014b4   0x000000f8   Code   RO           23    i.MX_TIM3_Init      main.o
    0x080015ac   0x080015ac   0x00000002   Code   RO          235    i.NMI_Handler       stm32g0xx_it.o
    0x080015ae   0x080015ae   0x00000002   PAD
    0x080015b0   0x080015b0   0x00000088   Code   RO         2222    i.OC1Config         stm32g0xx_ll_tim.o
    0x08001638   0x08001638   0x00000090   Code   RO         2223    i.OC2Config         stm32g0xx_ll_tim.o
    0x080016c8   0x080016c8   0x00000090   Code   RO         2224    i.OC3Config         stm32g0xx_ll_tim.o
    0x08001758   0x08001758   0x00000002   Code   RO          236    i.PendSV_Handler    stm32g0xx_it.o
    0x0800175a   0x0800175a   0x00000022   Code   RO         1875    i.SPI_DMAError      stm32g0xx_hal_spi.o
    0x0800177c   0x0800177c   0x0000000a   Code   RO         1876    i.SPI_DMAHalfReceiveCplt  stm32g0xx_hal_spi.o
    0x08001786   0x08001786   0x0000000a   Code   RO         1878    i.SPI_DMAHalfTransmitReceiveCplt  stm32g0xx_hal_spi.o
    0x08001790   0x08001790   0x00000070   Code   RO         1879    i.SPI_DMAReceiveCplt  stm32g0xx_hal_spi.o
    0x08001800   0x08001800   0x0000005e   Code   RO         1882    i.SPI_DMATransmitReceiveCplt  stm32g0xx_hal_spi.o
    0x0800185e   0x0800185e   0x00000078   Code   RO         1884    i.SPI_EndRxTransaction  stm32g0xx_hal_spi.o
    0x080018d6   0x080018d6   0x0000004c   Code   RO         1885    i.SPI_EndRxTxTransaction  stm32g0xx_hal_spi.o
    0x08001922   0x08001922   0x00000002   PAD
    0x08001924   0x08001924   0x000000d8   Code   RO         1890    i.SPI_WaitFifoStateUntilTimeout  stm32g0xx_hal_spi.o
    0x080019fc   0x080019fc   0x000000b8   Code   RO         1891    i.SPI_WaitFlagStateUntilTimeout  stm32g0xx_hal_spi.o
    0x08001ab4   0x08001ab4   0x00000002   Code   RO          237    i.SVC_Handler       stm32g0xx_it.o
    0x08001ab6   0x08001ab6   0x00000008   Code   RO          238    i.SysTick_Handler   stm32g0xx_it.o
    0x08001abe   0x08001abe   0x00000002   PAD
    0x08001ac0   0x08001ac0   0x00000068   Code   RO           24    i.SystemClock_Config  main.o
    0x08001b28   0x08001b28   0x00000002   Code   RO         2331    i.SystemInit        system_stm32g0xx.o
    0x08001b2a   0x08001b2a   0x00000002   PAD
    0x08001b2c   0x08001b2c   0x00000044   Code   RO         1467    i.__NVIC_SetPriority  stm32g0xx_hal_cortex.o
    0x08001b70   0x08001b70   0x00000068   Code   RO           25    i.main              main.o
    0x08001bd8   0x08001bd8   0x00000017   Data   RO           29    .constdata          main.o
    0x08001bef   0x08001bef   0x00000001   PAD
    0x08001bf0   0x08001bf0   0x00000020   Data   RO         2541    Region$$Table       anon$$obj.o


    Execution Region RW_IRAM1 (Exec base: 0x20000000, Load base: 0x08001c10, Size: 0x000007d0, Max: 0x00002000, ABSOLUTE)

    Exec Addr    Load Addr    Size         Type   Attr      Idx    E Section Name        Object

    0x20000000   0x08001c10   0x0000000c   Data   RW         1603    .data               stm32g0xx_hal.o
    0x2000000c   0x08001c1c   0x00000004   Data   RW         2334    .data               system_stm32g0xx.o
    0x20000010        -       0x000000a4   Zero   RW           26    .bss                main.o
    0x200000b4        -       0x0000005c   Zero   RW           27    .bss                main.o
    0x20000110        -       0x0000005c   Zero   RW           28    .bss                main.o
    0x2000016c        -       0x00000060   Zero   RW         2412    .bss                c_p.l(libspace.o)
    0x200001cc   0x08001c20   0x00000004   PAD
    0x200001d0        -       0x00000200   Zero   RW            2    HEAP                startup_stm32g030xx.o
    0x200003d0        -       0x00000400   Zero   RW            1    STACK               startup_stm32g030xx.o


==============================================================================

Image component sizes


      Code (inc. data)   RO Data    RW Data    ZI Data      Debug   Object Name

      1786        146         23          0        348     405472   main.o
        56         26        192          0       1536        620   startup_stm32g030xx.o
       140         22          0         12          0      15313   stm32g0xx_hal.o
       148         24          0          0          0      12005   stm32g0xx_hal_cortex.o
       648         32          0          0          0       4719   stm32g0xx_hal_dma.o
       348         18          0          0          0       1284   stm32g0xx_hal_gpio.o
       296         30          0          0          0       1680   stm32g0xx_hal_msp.o
      1536         38          0          0          0      11801   stm32g0xx_hal_spi.o
        42          8          0          0          0       2927   stm32g0xx_it.o
       156          8          0          0          0      38148   stm32g0xx_ll_adc.o
       172          0          0          0          0       6771   stm32g0xx_ll_gpio.o
       900         94          0          0          0      44631   stm32g0xx_ll_tim.o
        12          6          0          0          0       5144   stm32g0xx_ll_utils.o
         2          0          0          4          0       1063   system_stm32g0xx.o

    ----------------------------------------------------------------------
      6254        452        248         16       1884     551578   Object Totals
         0          0         32          0          0          0   (incl. Generated)
        12          0          1          0          0          0   (incl. Padding)

    ----------------------------------------------------------------------

      Code (inc. data)   RO Data    RW Data    ZI Data      Debug   Library Member Name

         8          0          0          0          0         68   __main.o
         0          0          0          0          0          0   __rtentry.o
        12          0          0          0          0          0   __rtentry2.o
         6          0          0          0          0          0   __rtentry4.o
        60          8          0          0          0          0   __scatter.o
        26          0          0          0          0          0   __scatter_copy.o
        28          0          0          0          0          0   __scatter_zi.o
       346          0          0          0          0         92   aeabi_sdiv.o
        16          0          0          0          0         68   exit.o
         6          0          0          0          0        136   heapauxi.o
         0          0          0          0          0          0   indicate_semi.o
         2          0          0          0          0          0   libinit.o
         2          0          0          0          0          0   libinit2.o
         2          0          0          0          0          0   libshutdown.o
         2          0          0          0          0          0   libshutdown2.o
         8          4          0          0         96         68   libspace.o
        64          0          0          0          0        108   rt_memclr.o
         2          0          0          0          0          0   rtexit.o
        10          0          0          0          0          0   rtexit2.o
        12          4          0          0          0         60   sys_exit.o
        62          0          0          0          0         80   sys_stackheap_outer.o
         2          0          0          0          0         68   use_no_semi.o

    ----------------------------------------------------------------------
       682         16          0          0        100        748   Library Totals
         6          0          0          0          4          0   (incl. Padding)

    ----------------------------------------------------------------------

      Code (inc. data)   RO Data    RW Data    ZI Data      Debug   Library Name

       676         16          0          0         96        748   c_p.l

    ----------------------------------------------------------------------
       682         16          0          0        100        748   Library Totals

    ----------------------------------------------------------------------

==============================================================================


      Code (inc. data)   RO Data    RW Data    ZI Data      Debug   

      6936        468        248         16       1984     549410   Grand Totals
      6936        468        248         16       1984     549410   ELF Image Totals
      6936        468        248         16          0          0   ROM Totals

==============================================================================

    Total RO  Size (Code + RO Data)                 7184 (   7.02kB)
    Total RW  Size (RW Data + ZI Data)              2000 (   1.95kB)
    Total ROM Size (Code + RO Data + RW Data)       7200 (   7.03kB)

==============================================================================

